Archive member included to satisfy reference by file (symbol)

c:/st/stm32cubeide_1.10.1/stm32cubeide/plugins/com.st.stm32cube.ide.mcu.externaltools.gnu-tools-for-stm32.10.3-2021.10.win32_1.0.0.202111181127/tools/bin/../lib/gcc/arm-none-eabi/10.3.1/../../../../arm-none-eabi/lib/thumb/v7e-m+fp/hard\libc_nano.a(lib_a-errno.o)
                              ./Core/Src/syscalls.o (__errno)
c:/st/stm32cubeide_1.10.1/stm32cubeide/plugins/com.st.stm32cube.ide.mcu.externaltools.gnu-tools-for-stm32.10.3-2021.10.win32_1.0.0.202111181127/tools/bin/../lib/gcc/arm-none-eabi/10.3.1/../../../../arm-none-eabi/lib/thumb/v7e-m+fp/hard\libc_nano.a(lib_a-exit.o)
                              c:/st/stm32cubeide_1.10.1/stm32cubeide/plugins/com.st.stm32cube.ide.mcu.externaltools.gnu-tools-for-stm32.10.3-2021.10.win32_1.0.0.202111181127/tools/bin/../lib/gcc/arm-none-eabi/10.3.1/../../../../arm-none-eabi/lib/thumb/v7e-m+fp/hard/crt0.o (exit)
c:/st/stm32cubeide_1.10.1/stm32cubeide/plugins/com.st.stm32cube.ide.mcu.externaltools.gnu-tools-for-stm32.10.3-2021.10.win32_1.0.0.202111181127/tools/bin/../lib/gcc/arm-none-eabi/10.3.1/../../../../arm-none-eabi/lib/thumb/v7e-m+fp/hard\libc_nano.a(lib_a-impure.o)
                              c:/st/stm32cubeide_1.10.1/stm32cubeide/plugins/com.st.stm32cube.ide.mcu.externaltools.gnu-tools-for-stm32.10.3-2021.10.win32_1.0.0.202111181127/tools/bin/../lib/gcc/arm-none-eabi/10.3.1/../../../../arm-none-eabi/lib/thumb/v7e-m+fp/hard\libc_nano.a(lib_a-exit.o) (_global_impure_ptr)
c:/st/stm32cubeide_1.10.1/stm32cubeide/plugins/com.st.stm32cube.ide.mcu.externaltools.gnu-tools-for-stm32.10.3-2021.10.win32_1.0.0.202111181127/tools/bin/../lib/gcc/arm-none-eabi/10.3.1/../../../../arm-none-eabi/lib/thumb/v7e-m+fp/hard\libc_nano.a(lib_a-init.o)
                              c:/st/stm32cubeide_1.10.1/stm32cubeide/plugins/com.st.stm32cube.ide.mcu.externaltools.gnu-tools-for-stm32.10.3-2021.10.win32_1.0.0.202111181127/tools/bin/../lib/gcc/arm-none-eabi/10.3.1/../../../../arm-none-eabi/lib/thumb/v7e-m+fp/hard/crt0.o (__libc_init_array)
c:/st/stm32cubeide_1.10.1/stm32cubeide/plugins/com.st.stm32cube.ide.mcu.externaltools.gnu-tools-for-stm32.10.3-2021.10.win32_1.0.0.202111181127/tools/bin/../lib/gcc/arm-none-eabi/10.3.1/../../../../arm-none-eabi/lib/thumb/v7e-m+fp/hard\libc_nano.a(lib_a-memcpy-stub.o)
                              ./Middlewares/Third_Party/FreeRTOS/Source/queue.o (memcpy)
c:/st/stm32cubeide_1.10.1/stm32cubeide/plugins/com.st.stm32cube.ide.mcu.externaltools.gnu-tools-for-stm32.10.3-2021.10.win32_1.0.0.202111181127/tools/bin/../lib/gcc/arm-none-eabi/10.3.1/../../../../arm-none-eabi/lib/thumb/v7e-m+fp/hard\libc_nano.a(lib_a-memset.o)
                              c:/st/stm32cubeide_1.10.1/stm32cubeide/plugins/com.st.stm32cube.ide.mcu.externaltools.gnu-tools-for-stm32.10.3-2021.10.win32_1.0.0.202111181127/tools/bin/../lib/gcc/arm-none-eabi/10.3.1/../../../../arm-none-eabi/lib/thumb/v7e-m+fp/hard/crt0.o (memset)
c:/st/stm32cubeide_1.10.1/stm32cubeide/plugins/com.st.stm32cube.ide.mcu.externaltools.gnu-tools-for-stm32.10.3-2021.10.win32_1.0.0.202111181127/tools/bin/../lib/gcc/arm-none-eabi/10.3.1/../../../../arm-none-eabi/lib/thumb/v7e-m+fp/hard\libc_nano.a(lib_a-snprintf.o)
                              ./Core/Src/stm32f4xx_it.o (snprintf)
c:/st/stm32cubeide_1.10.1/stm32cubeide/plugins/com.st.stm32cube.ide.mcu.externaltools.gnu-tools-for-stm32.10.3-2021.10.win32_1.0.0.202111181127/tools/bin/../lib/gcc/arm-none-eabi/10.3.1/../../../../arm-none-eabi/lib/thumb/v7e-m+fp/hard\libc_nano.a(lib_a-nano-svfprintf.o)
                              c:/st/stm32cubeide_1.10.1/stm32cubeide/plugins/com.st.stm32cube.ide.mcu.externaltools.gnu-tools-for-stm32.10.3-2021.10.win32_1.0.0.202111181127/tools/bin/../lib/gcc/arm-none-eabi/10.3.1/../../../../arm-none-eabi/lib/thumb/v7e-m+fp/hard\libc_nano.a(lib_a-snprintf.o) (_svfprintf_r)
c:/st/stm32cubeide_1.10.1/stm32cubeide/plugins/com.st.stm32cube.ide.mcu.externaltools.gnu-tools-for-stm32.10.3-2021.10.win32_1.0.0.202111181127/tools/bin/../lib/gcc/arm-none-eabi/10.3.1/../../../../arm-none-eabi/lib/thumb/v7e-m+fp/hard\libc_nano.a(lib_a-nano-vfprintf_i.o)
                              c:/st/stm32cubeide_1.10.1/stm32cubeide/plugins/com.st.stm32cube.ide.mcu.externaltools.gnu-tools-for-stm32.10.3-2021.10.win32_1.0.0.202111181127/tools/bin/../lib/gcc/arm-none-eabi/10.3.1/../../../../arm-none-eabi/lib/thumb/v7e-m+fp/hard\libc_nano.a(lib_a-nano-svfprintf.o) (_printf_i)
c:/st/stm32cubeide_1.10.1/stm32cubeide/plugins/com.st.stm32cube.ide.mcu.externaltools.gnu-tools-for-stm32.10.3-2021.10.win32_1.0.0.202111181127/tools/bin/../lib/gcc/arm-none-eabi/10.3.1/../../../../arm-none-eabi/lib/thumb/v7e-m+fp/hard\libc_nano.a(lib_a-memchr.o)
[...]
Memory Configuration

Name             Origin             Length             Attributes
CCMRAM           0x0000000010000000 0x0000000000010000 xrw
RAM              0x0000000020000000 0x0000000000030000 xrw
FLASH            0x0000000008000000 0x0000000000200000 xr
*default*        0x0000000000000000 0xffffffffffffffff

Linker script and memory map

LOAD c:/st/stm32cubeide_1.10.1/stm32cubeide/plugins/com.st.stm32cube.ide.mcu.externaltools.gnu-tools-for-stm32.10.3-2021.10.win32_1.0.0.202111181127/tools/bin/../lib/gcc/arm-none-eabi/10.3.1/thumb/v7e-m+fp/hard/crti.o
LOAD c:/st/stm32cubeide_1.10.1/stm32cubeide/plugins/com.st.stm32cube.ide.mcu.externaltools.gnu-tools-for-stm32.10.3-2021.10.win32_1.0.0.202111181127/tools/bin/../lib/gcc/arm-none-eabi/10.3.1/thumb/v7e-m+fp/hard/crtbegin.o
LOAD c:/st/stm32cubeide_1.10.1/stm32cubeide/plugins/com.st.stm32cube.ide.mcu.externaltools.gnu-tools-for-stm32.10.3-2021.10.win32_1.0.0.202111181127/tools/bin/../lib/gcc/arm-none-eabi/10.3.1/../../../../arm-none-eabi/lib/thumb/v7e-m+fp/hard/crt0.o
LOAD ./Core/Src/freertos.o
LOAD ./Core/Src/main.o
LOAD ./Core/Src/stm32f4xx_hal_msp.o
LOAD ./Core/Src/stm32f4xx_hal_timebase_tim.o
LOAD ./Core/Src/stm32f4xx_it.o
LOAD ./Core/Src/syscalls.o
LOAD ./Core/Src/sysmem.o
LOAD ./Core/Src/system_stm32f4xx.o
LOAD ./Core/Startup/startup_stm32f429zitx.o
LOAD ./Drivers/BSP/Components/cs43l22/cs43l22.o
LOAD ./Drivers/BSP/Components/exc7200/exc7200.o
LOAD ./Drivers/BSP/Components/ft6x06/ft6x06.o
LOAD ./Drivers/BSP/Components/ili9325/ili9325.o
LOAD ./Drivers/BSP/Components/ili9341/ili9341.o
LOAD ./Drivers/BSP/Components/l3gd20/l3gd20.o
LOAD ./Drivers/BSP/Components/lis302dl/lis302dl.o
LOAD ./Drivers/BSP/Components/lis3dsh/lis3dsh.o
LOAD ./Drivers/BSP/Components/ls016b8uy/ls016b8uy.o
LOAD ./Drivers/BSP/Components/lsm303dlhc/lsm303dlhc.o
LOAD ./Drivers/BSP/Components/mfxstm32l152/mfxstm32l152.o
LOAD ./Drivers/BSP/Components/otm8009a/otm8009a.o
LOAD ./Drivers/BSP/Components/ov2640/ov2640.o
LOAD ./Drivers/BSP/Components/ov5640/ov5640.o
LOAD ./Drivers/BSP/Components/s5k5cag/s5k5cag.o
LOAD ./Drivers/BSP/Components/st7735/st7735.o
LOAD ./Drivers/BSP/Components/st7789h2/st7789h2.o
LOAD ./Drivers/BSP/Components/stmpe1600/stmpe1600.o
LOAD ./Drivers/BSP/Components/stmpe811/stmpe811.o
LOAD ./Drivers/BSP/Components/ts3510/ts3510.o
LOAD ./Drivers/BSP/Components/wm8994/wm8994.o
LOAD ./Drivers/BSP/STM32F429I-Discovery/stm32f429i_discovery.o
LOAD ./Drivers/BSP/STM32F429I-Discovery/stm32f429i_discovery_eeprom.o
LOAD ./Drivers/BSP/STM32F429I-Discovery/stm32f429i_discovery_gyroscope.o
LOAD ./Drivers/BSP/STM32F429I-Discovery/stm32f429i_discovery_io.o
LOAD ./Drivers/BSP/STM32F429I-Discovery/stm32f429i_discovery_lcd.o
LOAD ./Drivers/BSP/STM32F429I-Discovery/stm32f429i_discovery_sdram.o
LOAD ./Drivers/BSP/STM32F429I-Discovery/stm32f429i_discovery_ts.o
LOAD ./Drivers/STM32F4xx_HAL_Driver/Src/stm32f4xx_hal.o
LOAD ./Drivers/STM32F4xx_HAL_Driver/Src/stm32f4xx_hal_adc.o
LOAD ./Drivers/STM32F4xx_HAL_Driver/Src/stm32f4xx_hal_adc_ex.o
LOAD ./Drivers/STM32F4xx_HAL_Driver/Src/stm32f4xx_hal_cortex.o
LOAD ./Drivers/STM32F4xx_HAL_Driver/Src/stm32f4xx_hal_crc.o
LOAD ./Drivers/STM32F4xx_HAL_Driver/Src/stm32f4xx_hal_dma.o
LOAD ./Drivers/STM32F4xx_HAL_Driver/Src/stm32f4xx_hal_dma2d.o
LOAD ./Drivers/STM32F4xx_HAL_Driver/Src/stm32f4xx_hal_dma_ex.o
LOAD ./Drivers/STM32F4xx_HAL_Driver/Src/stm32f4xx_hal_dsi.o
LOAD ./Drivers/STM32F4xx_HAL_Driver/Src/stm32f4xx_hal_exti.o
LOAD ./Drivers/STM32F4xx_HAL_Driver/Src/stm32f4xx_hal_flash.o
LOAD ./Drivers/STM32F4xx_HAL_Driver/Src/stm32f4xx_hal_flash_ex.o
LOAD ./Drivers/STM32F4xx_HAL_Driver/Src/stm32f4xx_hal_flash_ramfunc.o
LOAD ./Drivers/STM32F4xx_HAL_Driver/Src/stm32f4xx_hal_gpio.o
LOAD ./Drivers/STM32F4xx_HAL_Driver/Src/stm32f4xx_hal_i2c.o
LOAD ./Drivers/STM32F4xx_HAL_Driver/Src/stm32f4xx_hal_i2c_ex.o
LOAD ./Drivers/STM32F4xx_HAL_Driver/Src/stm32f4xx_hal_ltdc.o
LOAD ./Drivers/STM32F4xx_HAL_Driver/Src/stm32f4xx_hal_ltdc_ex.o
LOAD ./Drivers/STM32F4xx_HAL_Driver/Src/stm32f4xx_hal_pwr.o
LOAD ./Drivers/STM32F4xx_HAL_Driver/Src/stm32f4xx_hal_pwr_ex.o
LOAD ./Drivers/STM32F4xx_HAL_Driver/Src/stm32f4xx_hal_rcc.o
LOAD ./Drivers/STM32F4xx_HAL_Driver/Src/stm32f4xx_hal_rcc_ex.o
LOAD ./Drivers/STM32F4xx_HAL_Driver/Src/stm32f4xx_hal_sdram.o
LOAD ./Drivers/STM32F4xx_HAL_Driver/Src/stm32f4xx_hal_spi.o
LOAD ./Drivers/STM32F4xx_HAL_Driver/Src/stm32f4xx_hal_tim.o
LOAD ./Drivers/STM32F4xx_HAL_Driver/Src/stm32f4xx_hal_tim_ex.o
LOAD ./Drivers/STM32F4xx_HAL_Driver/Src/stm32f4xx_hal_uart.o
LOAD ./Drivers/STM32F4xx_HAL_Driver/Src/stm32f4xx_ll_adc.o
LOAD ./Drivers/STM32F4xx_HAL_Driver/Src/stm32f4xx_ll_fmc.o
LOAD ./Middlewares/Third_Party/FreeRTOS/Source/CMSIS_RTOS/cmsis_os.o
LOAD ./Middlewares/Third_Party/FreeRTOS/Source/croutine.o
LOAD ./Middlewares/Third_Party/FreeRTOS/Source/event_groups.o
LOAD ./Middlewares/Third_Party/FreeRTOS/Source/list.o
LOAD ./Middlewares/Third_Party/FreeRTOS/Source/queue.o
LOAD ./Middlewares/Third_Party/FreeRTOS/Source/stream_buffer.o
LOAD ./Middlewares/Third_Party/FreeRTOS/Source/tasks.o
LOAD ./Middlewares/Third_Party/FreeRTOS/Source/timers.o
LOAD ./Middlewares/Third_Party/FreeRTOS/Source/portable/GCC/ARM_CM4F/port.o
LOAD ./Middlewares/Third_Party/FreeRTOS/Source/portable/MemMang/heap_4.o
START GROUP
LOAD c:/st/stm32cubeide_1.10.1/stm32cubeide/plugins/com.st.stm32cube.ide.mcu.externaltools.gnu-tools-for-stm32.10.3-2021.10.win32_1.0.0.202111181127/tools/bin/../lib/gcc/arm-none-eabi/10.3.1/../../../../arm-none-eabi/lib/thumb/v7e-m+fp/hard\libc_nano.a
LOAD c:/st/stm32cubeide_1.10.1/stm32cubeide/plugins/com.st.stm32cube.ide.mcu.externaltools.gnu-tools-for-stm32.10.3-2021.10.win32_1.0.0.202111181127/tools/bin/../lib/gcc/arm-none-eabi/10.3.1/../../../../arm-none-eabi/lib/thumb/v7e-m+fp/hard\libm.a
END GROUP
START GROUP
LOAD c:/st/stm32cubeide_1.10.1/stm32cubeide/plugins/com.st.stm32cube.ide.mcu.externaltools.gnu-tools-for-stm32.10.3-2021.10.win32_1.0.0.202111181127/tools/bin/../lib/gcc/arm-none-eabi/10.3.1/thumb/v7e-m+fp/hard\libgcc.a
LOAD c:/st/stm32cubeide_1.10.1/stm32cubeide/plugins/com.st.stm32cube.ide.mcu.externaltools.gnu-tools-for-stm32.10.3-2021.10.win32_1.0.0.202111181127/tools/bin/../lib/gcc/arm-none-eabi/10.3.1/../../../../arm-none-eabi/lib/thumb/v7e-m+fp/hard\libc_nano.a
END GROUP
START GROUP
LOAD c:/st/stm32cubeide_1.10.1/stm32cubeide/plugins/com.st.stm32cube.ide.mcu.externaltools.gnu-tools-for-stm32.10.3-2021.10.win32_1.0.0.202111181127/tools/bin/../lib/gcc/arm-none-eabi/10.3.1/thumb/v7e-m+fp/hard\libgcc.a
LOAD c:/st/stm32cubeide_1.10.1/stm32cubeide/plugins/com.st.stm32cube.ide.mcu.externaltools.gnu-tools-for-stm32.10.3-2021.10.win32_1.0.0.202111181127/tools/bin/../lib/gcc/arm-none-eabi/10.3.1/../../../../arm-none-eabi/lib/thumb/v7e-m+fp/hard\libc_nano.a
LOAD c:/st/stm32cubeide_1.10.1/stm32cubeide/plugins/com.st.stm32cube.ide.mcu.externaltools.gnu-tools-for-stm32.10.3-2021.10.win32_1.0.0.202111181127/tools/bin/../lib/gcc/arm-none-eabi/10.3.1/../../../../arm-none-eabi/lib/thumb/v7e-m+fp/hard\libnosys.a
END GROUP
START GROUP
LOAD c:/st/stm32cubeide_1.10.1/stm32cubeide/plugins/com.st.stm32cube.ide.mcu.externaltools.gnu-tools-for-stm32.10.3-2021.10.win32_1.0.0.202111181127/tools/bin/../lib/gcc/arm-none-eabi/10.3.1/thumb/v7e-m+fp/hard\libgcc.a
LOAD c:/st/stm32cubeide_1.10.1/stm32cubeide/plugins/com.st.stm32cube.ide.mcu.externaltools.gnu-tools-for-stm32.10.3-2021.10.win32_1.0.0.202111181127/tools/bin/../lib/gcc/arm-none-eabi/10.3.1/../../../../arm-none-eabi/lib/thumb/v7e-m+fp/hard\libc_nano.a
LOAD c:/st/stm32cubeide_1.10.1/stm32cubeide/plugins/com.st.stm32cube.ide.mcu.externaltools.gnu-tools-for-stm32.10.3-2021.10.win32_1.0.0.202111181127/tools/bin/../lib/gcc/arm-none-eabi/10.3.1/../../../../arm-none-eabi/lib/thumb/v7e-m+fp/hard\libnosys.a
END GROUP
LOAD c:/st/stm32cubeide_1.10.1/stm32cubeide/plugins/com.st.stm32cube.ide.mcu.externaltools.gnu-tools-for-stm32.10.3-2021.10.win32_1.0.0.202111181127/tools/bin/../lib/gcc/arm-none-eabi/10.3.1/thumb/v7e-m+fp/hard/crtend.o
LOAD c:/st/stm32cubeide_1.10.1/stm32cubeide/plugins/com.st.stm32cube.ide.mcu.externaltools.gnu-tools-for-stm32.10.3-2021.10.win32_1.0.0.202111181127/tools/bin/../lib/gcc/arm-none-eabi/10.3.1/thumb/v7e-m+fp/hard/crtn.o
                0x0000000020030000                _estack = (ORIGIN (RAM) + LENGTH (RAM))
                0x0000000000000200                _Min_Heap_Size = 0x200
                0x0000000000000400                _Min_Stack_Size = 0x400

.isr_vector     0x0000000008000000      0x1ac
                0x0000000008000000                . = ALIGN (0x4)
 *(.isr_vector)
 .isr_vector    0x0000000008000000      0x1ac ./Core/Startup/startup_stm32f429zitx.o
                0x0000000008000000                g_pfnVectors
                0x00000000080001ac                . = ALIGN (0x4)

.text           0x00000000080001b0     0x9e74
                0x00000000080001b0                . = ALIGN (0x4)
 *(.text)
 .text          0x00000000080001b0       0x40 c:/st/stm32cubeide_1.10.1/stm32cubeide/plugins/com.st.stm32cube.ide.mcu.externaltools.gnu-tools-for-stm32.10.3-2021.10.win32_1.0.0.202111181127/tools/bin/../lib/gcc/arm-none-eabi/10.3.1/thumb/v7e-m+fp/hard/crtbegin.o
 .text          0x00000000080001f0       0xa0 c:/st/stm32cubeide_1.10.1/stm32cubeide/plugins/com.st.stm32cube.ide.mcu.externaltools.gnu-tools-for-stm32.10.3-2021.10.win32_1.0.0.202111181127/tools/bin/../lib/gcc/arm-none-eabi/10.3.1/../../../../arm-none-eabi/lib/thumb/v7e-m+fp/hard\libc_nano.a(lib_a-memchr.o)
                0x00000000080001f0                memchr
 .text          0x0000000008000290       0x30 c:/st/stm32cubeide_1.10.1/stm32cubeide/plugins/com.st.stm32cube.ide.mcu.externaltools.gnu-tools-for-stm32.10.3-2021.10.win32_1.0.0.202111181127/tools/bin/../lib/gcc/arm-none-eabi/10.3.1/thumb/v7e-m+fp/hard\libgcc.a(_aeabi_uldivmod.o)
                0x0000000008000290                __aeabi_uldivmod
 .text          0x00000000080002c0      0x2d0 c:/st/stm32cubeide_1.10.1/stm32cubeide/plugins/com.st.stm32cube.ide.mcu.externaltools.gnu-tools-for-stm32.10.3-2021.10.win32_1.0.0.202111181127/tools/bin/../lib/gcc/arm-none-eabi/10.3.1/thumb/v7e-m+fp/hard\libgcc.a(_udivmoddi4.o)
                0x00000000080002c0                __udivmoddi4
 .text          0x0000000008000590        0x4 c:/st/stm32cubeide_1.10.1/stm32cubeide/plugins/com.st.stm32cube.ide.mcu.externaltools.gnu-tools-for-stm32.10.3-2021.10.win32_1.0.0.202111181127/tools/bin/../lib/gcc/arm-none-eabi/10.3.1/thumb/v7e-m+fp/hard\libgcc.a(_dvmd_tls.o)
                0x0000000008000590                __aeabi_idiv0
                0x0000000008000590                __aeabi_ldiv0
 *(.text*)
 .text.vApplicationIdleHook
                0x0000000008000594        0xe ./Core/Src/freertos.o
                0x0000000008000594                vApplicationIdleHook
 .text.vApplicationStackOverflowHook
                0x00000000080005a2       0x16 ./Core/Src/freertos.o
                0x00000000080005a2                vApplicationStackOverflowHook
 .text.vApplicationMallocFailedHook
                0x00000000080005b8        0xe ./Core/Src/freertos.o
                0x00000000080005b8                vApplicationMallocFailedHook
 *fill*         0x00000000080005c6        0x2 
 .text.vApplicationGetIdleTaskMemory
                0x00000000080005c8       0x34 ./Core/Src/freertos.o
                0x00000000080005c8                vApplicationGetIdleTaskMemory
 .text.main     0x00000000080005fc       0x70 ./Core/Src/main.o
                0x00000000080005fc                main
 .text.SystemClock_Config
                0x000000000800066c       0xd8 ./Core/Src/main.o
                0x000000000800066c                SystemClock_Config
 .text.MX_ADC1_Init
                0x0000000008000744       0xa4 ./Core/Src/main.o
 .text.MX_CRC_Init
                0x00000000080007e8       0x28 ./Core/Src/main.o
 .text.MX_DMA2D_Init
                0x0000000008000810       0x64 ./Core/Src/main.o
 .text.MX_I2C3_Init
                0x0000000008000874       0x80 ./Core/Src/main.o
 .text.MX_LTDC_Init
                0x00000000080008f4      0x100 ./Core/Src/main.o
 .text.MX_SPI5_Init
                0x00000000080009f4       0x6c ./Core/Src/main.o
 .text.MX_TIM1_Init
                0x0000000008000a60       0xa0 ./Core/Src/main.o
 .text.MX_TIM2_Init
                0x0000000008000b00       0x9c ./Core/Src/main.o
 .text.MX_USART1_UART_Init
                0x0000000008000b9c       0x54 ./Core/Src/main.o
 .text.MX_FMC_Init
                0x0000000008000bf0       0xa0 ./Core/Src/main.o
 .text.MX_GPIO_Init
                0x0000000008000c90      0x25c ./Core/Src/main.o
 .text.vBoardInit
                0x0000000008000eec       0xb4 ./Core/Src/main.o
 .text.DisplayTask
                0x0000000008000fa0       0x10 ./Core/Src/main.o
                0x0000000008000fa0                DisplayTask
 .text.HAL_TIM_PeriodElapsedCallback
                0x0000000008000fb0       0x24 ./Core/Src/main.o
                0x0000000008000fb0                HAL_TIM_PeriodElapsedCallback
 .text.Error_Handler
                0x0000000008000fd4        0xa ./Core/Src/main.o
                0x0000000008000fd4                Error_Handler
 *fill*         0x0000000008000fde        0x2 
 .text.HAL_MspInit
                0x0000000008000fe0       0x58 ./Core/Src/stm32f4xx_hal_msp.o
                0x0000000008000fe0                HAL_MspInit
 .text.HAL_ADC_MspInit
                0x0000000008001038       0x88 ./Core/Src/stm32f4xx_hal_msp.o
                0x0000000008001038                HAL_ADC_MspInit
 .text.HAL_CRC_MspInit
                0x00000000080010c0       0x44 ./Core/Src/stm32f4xx_hal_msp.o
                0x00000000080010c0                HAL_CRC_MspInit
 .text.HAL_DMA2D_MspInit
                0x0000000008001104       0x50 ./Core/Src/stm32f4xx_hal_msp.o
                0x0000000008001104                HAL_DMA2D_MspInit
 .text.HAL_I2C_MspInit
                0x0000000008001154       0xd4 ./Core/Src/stm32f4xx_hal_msp.o
                0x0000000008001154                HAL_I2C_MspInit
 .text.HAL_LTDC_MspInit
                0x0000000008001228      0x260 ./Core/Src/stm32f4xx_hal_msp.o
                0x0000000008001228                HAL_LTDC_MspInit
 .text.HAL_SPI_MspInit
                0x0000000008001488       0x90 ./Core/Src/stm32f4xx_hal_msp.o
                0x0000000008001488                HAL_SPI_MspInit
 .text.HAL_SPI_MspDeInit
                0x0000000008001518       0x3c ./Core/Src/stm32f4xx_hal_msp.o
                0x0000000008001518                HAL_SPI_MspDeInit
 .text.HAL_TIM_Base_MspInit
                0x0000000008001554       0x78 ./Core/Src/stm32f4xx_hal_msp.o
                0x0000000008001554                HAL_TIM_Base_MspInit
 .text.HAL_UART_MspInit
                0x00000000080015cc       0x90 ./Core/Src/stm32f4xx_hal_msp.o
                0x00000000080015cc                HAL_UART_MspInit
 .text.HAL_FMC_MspInit
                0x000000000800165c      0x124 ./Core/Src/stm32f4xx_hal_msp.o
 .text.HAL_SDRAM_MspInit
                0x0000000008001780       0x14 ./Core/Src/stm32f4xx_hal_msp.o
                0x0000000008001780                HAL_SDRAM_MspInit
 .text.HAL_InitTick
                0x0000000008001794       0xf8 ./Core/Src/stm32f4xx_hal_timebase_tim.o
                0x0000000008001794                HAL_InitTick
 .text.NMI_Handler
                0x000000000800188c        0x6 ./Core/Src/stm32f4xx_it.o
                0x000000000800188c                NMI_Handler
 .text.HardFault_Handler
                0x0000000008001892        0x6 ./Core/Src/stm32f4xx_it.o
                0x0000000008001892                HardFault_Handler
 .text.MemManage_Handler
                0x0000000008001898        0x6 ./Core/Src/stm32f4xx_it.o
                0x0000000008001898                MemManage_Handler
 .text.BusFault_Handler
                0x000000000800189e        0x6 ./Core/Src/stm32f4xx_it.o
                0x000000000800189e                BusFault_Handler
 .text.UsageFault_Handler
                0x00000000080018a4        0x6 ./Core/Src/stm32f4xx_it.o
                0x00000000080018a4                UsageFault_Handler
 .text.DebugMon_Handler
                0x00000000080018aa        0xe ./Core/Src/stm32f4xx_it.o
                0x00000000080018aa                DebugMon_Handler
 .text.TIM2_IRQHandler
                0x00000000080018b8       0x60 ./Core/Src/stm32f4xx_it.o
                0x00000000080018b8                TIM2_IRQHandler
 .text.TIM6_DAC_IRQHandler
                0x0000000008001918       0x14 ./Core/Src/stm32f4xx_it.o
                0x0000000008001918                TIM6_DAC_IRQHandler
 .text.LTDC_IRQHandler
                0x000000000800192c       0x14 ./Core/Src/stm32f4xx_it.o
                0x000000000800192c                LTDC_IRQHandler
 .text.DMA2D_IRQHandler
                0x0000000008001940       0x14 ./Core/Src/stm32f4xx_it.o
                0x0000000008001940                DMA2D_IRQHandler
 .text._sbrk    0x0000000008001954       0x6c ./Core/Src/sysmem.o
                0x0000000008001954                _sbrk
 .text.SystemInit
                0x00000000080019c0       0x24 ./Core/Src/system_stm32f4xx.o
                0x00000000080019c0                SystemInit
 .text.Reset_Handler
                0x00000000080019e4       0x50 ./Core/Startup/startup_stm32f429zitx.o
                0x00000000080019e4                Reset_Handler
 .text.Default_Handler
                0x0000000008001a34        0x2 ./Core/Startup/startup_stm32f429zitx.o
                0x0000000008001a34                RTC_Alarm_IRQHandler
                0x0000000008001a34                HASH_RNG_IRQHandler
                0x0000000008001a34                EXTI2_IRQHandler
                0x0000000008001a34                TIM8_CC_IRQHandler
                0x0000000008001a34                UART8_IRQHandler
                0x0000000008001a34                SPI4_IRQHandler
                0x0000000008001a34                TIM1_CC_IRQHandler
                0x0000000008001a34                DMA2_Stream5_IRQHandler
                0x0000000008001a34                DMA1_Stream5_IRQHandler
                0x0000000008001a34                PVD_IRQHandler
                0x0000000008001a34                SDIO_IRQHandler
                0x0000000008001a34                TAMP_STAMP_IRQHandler
                0x0000000008001a34                CAN2_RX1_IRQHandler
                0x0000000008001a34                EXTI3_IRQHandler
                0x0000000008001a34                TIM8_TRG_COM_TIM14_IRQHandler
                0x0000000008001a34                TIM1_UP_TIM10_IRQHandler
                0x0000000008001a34                TIM8_UP_TIM13_IRQHandler
                0x0000000008001a34                I2C3_ER_IRQHandler
                0x0000000008001a34                EXTI0_IRQHandler
                0x0000000008001a34                I2C2_EV_IRQHandler
                0x0000000008001a34                DMA1_Stream2_IRQHandler
                0x0000000008001a34                CAN1_RX0_IRQHandler
                0x0000000008001a34                FPU_IRQHandler
                0x0000000008001a34                OTG_HS_WKUP_IRQHandler
                0x0000000008001a34                LTDC_ER_IRQHandler
                0x0000000008001a34                CAN2_SCE_IRQHandler
                0x0000000008001a34                DMA2_Stream2_IRQHandler
                0x0000000008001a34                SPI1_IRQHandler
                0x0000000008001a34                TIM1_BRK_TIM9_IRQHandler
                0x0000000008001a34                DCMI_IRQHandler
                0x0000000008001a34                CAN2_RX0_IRQHandler
                0x0000000008001a34                DMA2_Stream3_IRQHandler
                0x0000000008001a34                USART6_IRQHandler
                0x0000000008001a34                USART3_IRQHandler
                0x0000000008001a34                CAN1_RX1_IRQHandler
                0x0000000008001a34                UART5_IRQHandler
                0x0000000008001a34                DMA2_Stream0_IRQHandler
                0x0000000008001a34                TIM4_IRQHandler
                0x0000000008001a34                I2C1_EV_IRQHandler
                0x0000000008001a34                DMA1_Stream6_IRQHandler
                0x0000000008001a34                DMA1_Stream1_IRQHandler
                0x0000000008001a34                UART4_IRQHandler
                0x0000000008001a34                TIM3_IRQHandler
                0x0000000008001a34                RCC_IRQHandler
                0x0000000008001a34                TIM8_BRK_TIM12_IRQHandler
                0x0000000008001a34                Default_Handler
                0x0000000008001a34                EXTI15_10_IRQHandler
                0x0000000008001a34                ADC_IRQHandler
                0x0000000008001a34                DMA1_Stream7_IRQHandler
                0x0000000008001a34                SPI5_IRQHandler
                0x0000000008001a34                TIM7_IRQHandler
                0x0000000008001a34                CAN2_TX_IRQHandler
                0x0000000008001a34                TIM5_IRQHandler
                0x0000000008001a34                DMA2_Stream7_IRQHandler
                0x0000000008001a34                I2C3_EV_IRQHandler
                0x0000000008001a34                EXTI9_5_IRQHandler
                0x0000000008001a34                RTC_WKUP_IRQHandler
                0x0000000008001a34                ETH_WKUP_IRQHandler
                0x0000000008001a34                SPI2_IRQHandler
                0x0000000008001a34                OTG_HS_EP1_IN_IRQHandler
                0x0000000008001a34                DMA1_Stream0_IRQHandler
                0x0000000008001a34                CAN1_TX_IRQHandler
                0x0000000008001a34                EXTI4_IRQHandler
                0x0000000008001a34                ETH_IRQHandler
                0x0000000008001a34                OTG_HS_EP1_OUT_IRQHandler
                0x0000000008001a34                WWDG_IRQHandler
                0x0000000008001a34                SPI6_IRQHandler
                0x0000000008001a34                OTG_FS_WKUP_IRQHandler
                0x0000000008001a34                TIM1_TRG_COM_TIM11_IRQHandler
                0x0000000008001a34                OTG_HS_IRQHandler
                0x0000000008001a34                EXTI1_IRQHandler
                0x0000000008001a34                UART7_IRQHandler
                0x0000000008001a34                USART2_IRQHandler
                0x0000000008001a34                I2C2_ER_IRQHandler
                0x0000000008001a34                DMA2_Stream1_IRQHandler
                0x0000000008001a34                CAN1_SCE_IRQHandler
                0x0000000008001a34                FLASH_IRQHandler
                0x0000000008001a34                DMA2_Stream4_IRQHandler
                0x0000000008001a34                USART1_IRQHandler
                0x0000000008001a34                OTG_FS_IRQHandler
                0x0000000008001a34                SPI3_IRQHandler
                0x0000000008001a34                DMA1_Stream4_IRQHandler
                0x0000000008001a34                I2C1_ER_IRQHandler
                0x0000000008001a34                FMC_IRQHandler
                0x0000000008001a34                DMA2_Stream6_IRQHandler
                0x0000000008001a34                SAI1_IRQHandler
                0x0000000008001a34                DMA1_Stream3_IRQHandler
 .text.ili9341_Init
                0x0000000008001a36      0x294 ./Drivers/BSP/Components/ili9341/ili9341.o
                0x0000000008001a36                ili9341_Init
 .text.ili9341_ReadID
                0x0000000008001cca       0x18 ./Drivers/BSP/Components/ili9341/ili9341.o
                0x0000000008001cca                ili9341_ReadID
 .text.ili9341_DisplayOn
                0x0000000008001ce2        0xe ./Drivers/BSP/Components/ili9341/ili9341.o
                0x0000000008001ce2                ili9341_DisplayOn
 .text.ili9341_DisplayOff
                0x0000000008001cf0        0xe ./Drivers/BSP/Components/ili9341/ili9341.o
                0x0000000008001cf0                ili9341_DisplayOff
 .text.ili9341_WriteReg
                0x0000000008001cfe       0x1a ./Drivers/BSP/Components/ili9341/ili9341.o
                0x0000000008001cfe                ili9341_WriteReg
 .text.ili9341_WriteData
                0x0000000008001d18       0x1a ./Drivers/BSP/Components/ili9341/ili9341.o
                0x0000000008001d18                ili9341_WriteData
 .text.ili9341_ReadData
                0x0000000008001d32       0x26 ./Drivers/BSP/Components/ili9341/ili9341.o
                0x0000000008001d32                ili9341_ReadData
 .text.ili9341_GetLcdPixelWidth
                0x0000000008001d58       0x10 ./Drivers/BSP/Components/ili9341/ili9341.o
                0x0000000008001d58                ili9341_GetLcdPixelWidth
 .text.ili9341_GetLcdPixelHeight
                0x0000000008001d68       0x12 ./Drivers/BSP/Components/ili9341/ili9341.o
                0x0000000008001d68                ili9341_GetLcdPixelHeight
 *fill*         0x0000000008001d7a        0x2 
 .text.SPIx_Init
                0x0000000008001d7c       0x74 ./Drivers/BSP/STM32F429I-Discovery/stm32f429i_discovery.o
 .text.SPIx_Read
                0x0000000008001df0       0x40 ./Drivers/BSP/STM32F429I-Discovery/stm32f429i_discovery.o
 .text.SPIx_Write
                0x0000000008001e30       0x3c ./Drivers/BSP/STM32F429I-Discovery/stm32f429i_discovery.o
 .text.SPIx_Error
                0x0000000008001e6c       0x18 ./Drivers/BSP/STM32F429I-Discovery/stm32f429i_discovery.o
 .text.SPIx_MspInit
                0x0000000008001e84       0x74 ./Drivers/BSP/STM32F429I-Discovery/stm32f429i_discovery.o
 .text.LCD_IO_Init
                0x0000000008001ef8       0xf0 ./Drivers/BSP/STM32F429I-Discovery/stm32f429i_discovery.o
                0x0000000008001ef8                LCD_IO_Init
 .text.LCD_IO_WriteData
                0x0000000008001fe8       0x44 ./Drivers/BSP/STM32F429I-Discovery/stm32f429i_discovery.o
                0x0000000008001fe8                LCD_IO_WriteData
 .text.LCD_IO_WriteReg
                0x000000000800202c       0x44 ./Drivers/BSP/STM32F429I-Discovery/stm32f429i_discovery.o
                0x000000000800202c                LCD_IO_WriteReg
 .text.LCD_IO_ReadData
                0x0000000008002070       0x64 ./Drivers/BSP/STM32F429I-Discovery/stm32f429i_discovery.o
                0x0000000008002070                LCD_IO_ReadData
 .text.LCD_Delay
                0x00000000080020d4       0x16 ./Drivers/BSP/STM32F429I-Discovery/stm32f429i_discovery.o
                0x00000000080020d4                LCD_Delay
 *fill*         0x00000000080020ea        0x2 
 .text.BSP_LCD_Init
                0x00000000080020ec       0xd4 ./Drivers/BSP/STM32F429I-Discovery/stm32f429i_discovery_lcd.o
                0x00000000080020ec                BSP_LCD_Init
 .text.BSP_LCD_GetXSize
                0x00000000080021c0       0x18 ./Drivers/BSP/STM32F429I-Discovery/stm32f429i_discovery_lcd.o
                0x00000000080021c0                BSP_LCD_GetXSize
 .text.BSP_LCD_GetYSize
                0x00000000080021d8       0x18 ./Drivers/BSP/STM32F429I-Discovery/stm32f429i_discovery_lcd.o
                0x00000000080021d8                BSP_LCD_GetYSize
 .text.BSP_LCD_LayerDefaultInit
                0x00000000080021f0       0xc8 ./Drivers/BSP/STM32F429I-Discovery/stm32f429i_discovery_lcd.o
                0x00000000080021f0                BSP_LCD_LayerDefaultInit
 .text.BSP_LCD_SelectLayer
                0x00000000080022b8       0x20 ./Drivers/BSP/STM32F429I-Discovery/stm32f429i_discovery_lcd.o
                0x00000000080022b8                BSP_LCD_SelectLayer
 .text.BSP_LCD_SetTextColor
                0x00000000080022d8       0x30 ./Drivers/BSP/STM32F429I-Discovery/stm32f429i_discovery_lcd.o
                0x00000000080022d8                BSP_LCD_SetTextColor
 .text.BSP_LCD_SetBackColor
                0x0000000008002308       0x34 ./Drivers/BSP/STM32F429I-Discovery/stm32f429i_discovery_lcd.o
                0x0000000008002308                BSP_LCD_SetBackColor
 .text.BSP_LCD_SetFont
                0x000000000800233c       0x34 ./Drivers/BSP/STM32F429I-Discovery/stm32f429i_discovery_lcd.o
                0x000000000800233c                BSP_LCD_SetFont
 .text.BSP_LCD_Clear
                0x0000000008002370       0x50 ./Drivers/BSP/STM32F429I-Discovery/stm32f429i_discovery_lcd.o
                0x0000000008002370                BSP_LCD_Clear
 .text.BSP_LCD_DisplayChar
                0x00000000080023c0       0x88 ./Drivers/BSP/STM32F429I-Discovery/stm32f429i_discovery_lcd.o
                0x00000000080023c0                BSP_LCD_DisplayChar
 .text.BSP_LCD_DisplayStringAt
                0x0000000008002448      0x17c ./Drivers/BSP/STM32F429I-Discovery/stm32f429i_discovery_lcd.o
                0x0000000008002448                BSP_LCD_DisplayStringAt
 .text.BSP_LCD_DrawHLine
                0x00000000080025c4       0x7c ./Drivers/BSP/STM32F429I-Discovery/stm32f429i_discovery_lcd.o
                0x00000000080025c4                BSP_LCD_DrawHLine
 .text.BSP_LCD_DrawVLine
                0x0000000008002640       0x84 ./Drivers/BSP/STM32F429I-Discovery/stm32f429i_discovery_lcd.o
                0x0000000008002640                BSP_LCD_DrawVLine
 .text.BSP_LCD_DrawRect
                0x00000000080026c4       0x62 ./Drivers/BSP/STM32F429I-Discovery/stm32f429i_discovery_lcd.o
                0x00000000080026c4                BSP_LCD_DrawRect
 *fill*         0x0000000008002726        0x2 
 .text.BSP_LCD_FillRect
                0x0000000008002728       0xb4 ./Drivers/BSP/STM32F429I-Discovery/stm32f429i_discovery_lcd.o
                0x0000000008002728                BSP_LCD_FillRect
 .text.BSP_LCD_DisplayOn
                0x00000000080027dc       0x20 ./Drivers/BSP/STM32F429I-Discovery/stm32f429i_discovery_lcd.o
                0x00000000080027dc                BSP_LCD_DisplayOn
 .text.BSP_LCD_MspInit
                0x00000000080027fc      0x1ac ./Drivers/BSP/STM32F429I-Discovery/stm32f429i_discovery_lcd.o
                0x00000000080027fc                BSP_LCD_MspInit
 .text.BSP_LCD_DrawPixel
                0x00000000080029a8       0x4c ./Drivers/BSP/STM32F429I-Discovery/stm32f429i_discovery_lcd.o
                0x00000000080029a8                BSP_LCD_DrawPixel
 .text.DrawChar
                0x00000000080029f4      0x174 ./Drivers/BSP/STM32F429I-Discovery/stm32f429i_discovery_lcd.o
 .text.FillBuffer
                0x0000000008002b68       0x70 ./Drivers/BSP/STM32F429I-Discovery/stm32f429i_discovery_lcd.o
 .text.BSP_SDRAM_Init
                0x0000000008002bd8       0xbc ./Drivers/BSP/STM32F429I-Discovery/stm32f429i_discovery_sdram.o
                0x0000000008002bd8                BSP_SDRAM_Init
 .text.BSP_SDRAM_Initialization_sequence
                0x0000000008002c94       0xc0 ./Drivers/BSP/STM32F429I-Discovery/stm32f429i_discovery_sdram.o
                0x0000000008002c94                BSP_SDRAM_Initialization_sequence
 .text.BSP_SDRAM_MspInit
                0x0000000008002d54      0x218 ./Drivers/BSP/STM32F429I-Discovery/stm32f429i_discovery_sdram.o
                0x0000000008002d54                BSP_SDRAM_MspInit
 .text.HAL_Init
                0x0000000008002f6c       0x44 ./Drivers/STM32F4xx_HAL_Driver/Src/stm32f4xx_hal.o
                0x0000000008002f6c                HAL_Init
 .text.HAL_IncTick
                0x0000000008002fb0       0x28 ./Drivers/STM32F4xx_HAL_Driver/Src/stm32f4xx_hal.o
                0x0000000008002fb0                HAL_IncTick
 .text.HAL_GetTick
                0x0000000008002fd8       0x18 ./Drivers/STM32F4xx_HAL_Driver/Src/stm32f4xx_hal.o
                0x0000000008002fd8                HAL_GetTick
 .text.HAL_Delay
                0x0000000008002ff0       0x48 ./Drivers/STM32F4xx_HAL_Driver/Src/stm32f4xx_hal.o
                0x0000000008002ff0                HAL_Delay
 .text.HAL_ADC_Init
                0x0000000008003038       0x86 ./Drivers/STM32F4xx_HAL_Driver/Src/stm32f4xx_hal_adc.o
                0x0000000008003038                HAL_ADC_Init
 *fill*         0x00000000080030be        0x2 
 .text.HAL_ADC_Start
                0x00000000080030c0      0x1a4 ./Drivers/STM32F4xx_HAL_Driver/Src/stm32f4xx_hal_adc.o
                0x00000000080030c0                HAL_ADC_Start
 .text.HAL_ADC_PollForConversion
                0x0000000008003264      0x116 ./Drivers/STM32F4xx_HAL_Driver/Src/stm32f4xx_hal_adc.o
                0x0000000008003264                HAL_ADC_PollForConversion
 .text.HAL_ADC_GetValue
                0x000000000800337a       0x1a ./Drivers/STM32F4xx_HAL_Driver/Src/stm32f4xx_hal_adc.o
                0x000000000800337a                HAL_ADC_GetValue
 .text.HAL_ADC_ConfigChannel
                0x0000000008003394      0x264 ./Drivers/STM32F4xx_HAL_Driver/Src/stm32f4xx_hal_adc.o
                0x0000000008003394                HAL_ADC_ConfigChannel
 .text.ADC_Init
                0x00000000080035f8      0x1f8 ./Drivers/STM32F4xx_HAL_Driver/Src/stm32f4xx_hal_adc.o
 .text.__NVIC_SetPriorityGrouping
                0x00000000080037f0       0x48 ./Drivers/STM32F4xx_HAL_Driver/Src/stm32f4xx_hal_cortex.o
 .text.__NVIC_GetPriorityGrouping
                0x0000000008003838       0x1c ./Drivers/STM32F4xx_HAL_Driver/Src/stm32f4xx_hal_cortex.o
 .text.__NVIC_EnableIRQ
                0x0000000008003854       0x3c ./Drivers/STM32F4xx_HAL_Driver/Src/stm32f4xx_hal_cortex.o
 .text.__NVIC_SetPriority
                0x0000000008003890       0x54 ./Drivers/STM32F4xx_HAL_Driver/Src/stm32f4xx_hal_cortex.o
 .text.NVIC_EncodePriority
                0x00000000080038e4       0x66 ./Drivers/STM32F4xx_HAL_Driver/Src/stm32f4xx_hal_cortex.o
 .text.HAL_NVIC_SetPriorityGrouping
                0x000000000800394a       0x16 ./Drivers/STM32F4xx_HAL_Driver/Src/stm32f4xx_hal_cortex.o
                0x000000000800394a                HAL_NVIC_SetPriorityGrouping
 .text.HAL_NVIC_SetPriority
                0x0000000008003960       0x38 ./Drivers/STM32F4xx_HAL_Driver/Src/stm32f4xx_hal_cortex.o
                0x0000000008003960                HAL_NVIC_SetPriority
 .text.HAL_NVIC_EnableIRQ
                0x0000000008003998       0x1c ./Drivers/STM32F4xx_HAL_Driver/Src/stm32f4xx_hal_cortex.o
                0x0000000008003998                HAL_NVIC_EnableIRQ
 .text.HAL_CRC_Init
                0x00000000080039b4       0x38 ./Drivers/STM32F4xx_HAL_Driver/Src/stm32f4xx_hal_crc.o
                0x00000000080039b4                HAL_CRC_Init
 .text.HAL_DMA_Init
                0x00000000080039ec      0x15c ./Drivers/STM32F4xx_HAL_Driver/Src/stm32f4xx_hal_dma.o
                0x00000000080039ec                HAL_DMA_Init
 .text.HAL_DMA_DeInit
                0x0000000008003b48       0xbc ./Drivers/STM32F4xx_HAL_Driver/Src/stm32f4xx_hal_dma.o
                0x0000000008003b48                HAL_DMA_DeInit
 .text.DMA_CalcBaseAndBitshift
                0x0000000008003c04       0x6c ./Drivers/STM32F4xx_HAL_Driver/Src/stm32f4xx_hal_dma.o
 .text.DMA_CheckFifoParam
                0x0000000008003c70       0xf8 ./Drivers/STM32F4xx_HAL_Driver/Src/stm32f4xx_hal_dma.o
 .text.HAL_DMA2D_Init
                0x0000000008003d68       0x92 ./Drivers/STM32F4xx_HAL_Driver/Src/stm32f4xx_hal_dma2d.o
                0x0000000008003d68                HAL_DMA2D_Init
 .text.HAL_DMA2D_Start
                0x0000000008003dfa       0x56 ./Drivers/STM32F4xx_HAL_Driver/Src/stm32f4xx_hal_dma2d.o
                0x0000000008003dfa                HAL_DMA2D_Start
 .text.HAL_DMA2D_PollForTransfer
                0x0000000008003e50      0x1d2 ./Drivers/STM32F4xx_HAL_Driver/Src/stm32f4xx_hal_dma2d.o
                0x0000000008003e50                HAL_DMA2D_PollForTransfer
 .text.HAL_DMA2D_IRQHandler
                0x0000000008004022      0x1f8 ./Drivers/STM32F4xx_HAL_Driver/Src/stm32f4xx_hal_dma2d.o
                0x0000000008004022                HAL_DMA2D_IRQHandler
 .text.HAL_DMA2D_LineEventCallback
                0x000000000800421a       0x14 ./Drivers/STM32F4xx_HAL_Driver/Src/stm32f4xx_hal_dma2d.o
                0x000000000800421a                HAL_DMA2D_LineEventCallback
 .text.HAL_DMA2D_CLUTLoadingCpltCallback
                0x000000000800422e       0x14 ./Drivers/STM32F4xx_HAL_Driver/Src/stm32f4xx_hal_dma2d.o
                0x000000000800422e                HAL_DMA2D_CLUTLoadingCpltCallback
 *fill*         0x0000000008004242        0x2 
 .text.HAL_DMA2D_ConfigLayer
                0x0000000008004244      0x124 ./Drivers/STM32F4xx_HAL_Driver/Src/stm32f4xx_hal_dma2d.o
                0x0000000008004244                HAL_DMA2D_ConfigLayer
 .text.DMA2D_SetConfig
                0x0000000008004368      0x138 ./Drivers/STM32F4xx_HAL_Driver/Src/stm32f4xx_hal_dma2d.o
 .text.HAL_GPIO_Init
                0x00000000080044a0      0x358 ./Drivers/STM32F4xx_HAL_Driver/Src/stm32f4xx_hal_gpio.o
                0x00000000080044a0                HAL_GPIO_Init
 .text.HAL_GPIO_DeInit
                0x00000000080047f8      0x218 ./Drivers/STM32F4xx_HAL_Driver/Src/stm32f4xx_hal_gpio.o
                0x00000000080047f8                HAL_GPIO_DeInit
 .text.HAL_GPIO_WritePin
                0x0000000008004a10       0x32 ./Drivers/STM32F4xx_HAL_Driver/Src/stm32f4xx_hal_gpio.o
                0x0000000008004a10                HAL_GPIO_WritePin
 *fill*         0x0000000008004a42        0x2 
 .text.HAL_I2C_Init
                0x0000000008004a44      0x288 ./Drivers/STM32F4xx_HAL_Driver/Src/stm32f4xx_hal_i2c.o
                0x0000000008004a44                HAL_I2C_Init
 .text.HAL_I2CEx_ConfigAnalogFilter
                0x0000000008004ccc       0x78 ./Drivers/STM32F4xx_HAL_Driver/Src/stm32f4xx_hal_i2c_ex.o
                0x0000000008004ccc                HAL_I2CEx_ConfigAnalogFilter
 .text.HAL_I2CEx_ConfigDigitalFilter
                0x0000000008004d44       0x7e ./Drivers/STM32F4xx_HAL_Driver/Src/stm32f4xx_hal_i2c_ex.o
                0x0000000008004d44                HAL_I2CEx_ConfigDigitalFilter
 *fill*         0x0000000008004dc2        0x2 
 .text.HAL_LTDC_Init
                0x0000000008004dc4      0x1a0 ./Drivers/STM32F4xx_HAL_Driver/Src/stm32f4xx_hal_ltdc.o
                0x0000000008004dc4                HAL_LTDC_Init
 .text.HAL_LTDC_IRQHandler
                0x0000000008004f64      0x148 ./Drivers/STM32F4xx_HAL_Driver/Src/stm32f4xx_hal_ltdc.o
                0x0000000008004f64                HAL_LTDC_IRQHandler
 .text.HAL_LTDC_ErrorCallback
                0x00000000080050ac       0x14 ./Drivers/STM32F4xx_HAL_Driver/Src/stm32f4xx_hal_ltdc.o
                0x00000000080050ac                HAL_LTDC_ErrorCallback
 .text.HAL_LTDC_LineEventCallback
                0x00000000080050c0       0x14 ./Drivers/STM32F4xx_HAL_Driver/Src/stm32f4xx_hal_ltdc.o
                0x00000000080050c0                HAL_LTDC_LineEventCallback
 .text.HAL_LTDC_ReloadEventCallback
                0x00000000080050d4       0x14 ./Drivers/STM32F4xx_HAL_Driver/Src/stm32f4xx_hal_ltdc.o
                0x00000000080050d4                HAL_LTDC_ReloadEventCallback
 .text.HAL_LTDC_ConfigLayer
                0x00000000080050e8       0x7c ./Drivers/STM32F4xx_HAL_Driver/Src/stm32f4xx_hal_ltdc.o
                0x00000000080050e8                HAL_LTDC_ConfigLayer
 .text.HAL_LTDC_EnableDither
                0x0000000008005164       0x54 ./Drivers/STM32F4xx_HAL_Driver/Src/stm32f4xx_hal_ltdc.o
                0x0000000008005164                HAL_LTDC_EnableDither
 .text.LTDC_SetConfig
                0x00000000080051b8      0x32e ./Drivers/STM32F4xx_HAL_Driver/Src/stm32f4xx_hal_ltdc.o
 *fill*         0x00000000080054e6        0x2 
 .text.HAL_RCC_OscConfig
                0x00000000080054e8      0x4f0 ./Drivers/STM32F4xx_HAL_Driver/Src/stm32f4xx_hal_rcc.o
                0x00000000080054e8                HAL_RCC_OscConfig
 .text.HAL_RCC_ClockConfig
                0x00000000080059d8      0x1cc ./Drivers/STM32F4xx_HAL_Driver/Src/stm32f4xx_hal_rcc.o
                0x00000000080059d8                HAL_RCC_ClockConfig
 .text.HAL_RCC_GetSysClockFreq
                0x0000000008005ba4      0x20c ./Drivers/STM32F4xx_HAL_Driver/Src/stm32f4xx_hal_rcc.o
                0x0000000008005ba4                HAL_RCC_GetSysClockFreq
 .text.HAL_RCC_GetHCLKFreq
                0x0000000008005db0       0x18 ./Drivers/STM32F4xx_HAL_Driver/Src/stm32f4xx_hal_rcc.o
                0x0000000008005db0                HAL_RCC_GetHCLKFreq
 .text.HAL_RCC_GetPCLK1Freq
                0x0000000008005dc8       0x28 ./Drivers/STM32F4xx_HAL_Driver/Src/stm32f4xx_hal_rcc.o
                0x0000000008005dc8                HAL_RCC_GetPCLK1Freq
 .text.HAL_RCC_GetPCLK2Freq
                0x0000000008005df0       0x28 ./Drivers/STM32F4xx_HAL_Driver/Src/stm32f4xx_hal_rcc.o
                0x0000000008005df0                HAL_RCC_GetPCLK2Freq
 .text.HAL_RCC_GetClockConfig
                0x0000000008005e18       0x64 ./Drivers/STM32F4xx_HAL_Driver/Src/stm32f4xx_hal_rcc.o
                0x0000000008005e18                HAL_RCC_GetClockConfig
 .text.HAL_RCCEx_PeriphCLKConfig
                0x0000000008005e7c      0x380 ./Drivers/STM32F4xx_HAL_Driver/Src/stm32f4xx_hal_rcc_ex.o
                0x0000000008005e7c                HAL_RCCEx_PeriphCLKConfig
 .text.HAL_SDRAM_Init
                0x00000000080061fc       0x68 ./Drivers/STM32F4xx_HAL_Driver/Src/stm32f4xx_hal_sdram.o
                0x00000000080061fc                HAL_SDRAM_Init
 .text.HAL_SDRAM_SendCommand
                0x0000000008006264       0x6a ./Drivers/STM32F4xx_HAL_Driver/Src/stm32f4xx_hal_sdram.o
                0x0000000008006264                HAL_SDRAM_SendCommand
 .text.HAL_SDRAM_ProgramRefreshRate
                0x00000000080062ce       0x50 ./Drivers/STM32F4xx_HAL_Driver/Src/stm32f4xx_hal_sdram.o
                0x00000000080062ce                HAL_SDRAM_ProgramRefreshRate
 .text.HAL_SPI_Init
                0x000000000800631e      0x112 ./Drivers/STM32F4xx_HAL_Driver/Src/stm32f4xx_hal_spi.o
                0x000000000800631e                HAL_SPI_Init
 .text.HAL_SPI_DeInit
                0x0000000008006430       0x50 ./Drivers/STM32F4xx_HAL_Driver/Src/stm32f4xx_hal_spi.o
                0x0000000008006430                HAL_SPI_DeInit
 .text.HAL_SPI_Transmit
                0x0000000008006480      0x278 ./Drivers/STM32F4xx_HAL_Driver/Src/stm32f4xx_hal_spi.o
                0x0000000008006480                HAL_SPI_Transmit
 .text.HAL_SPI_Receive
                0x00000000080066f8      0x222 ./Drivers/STM32F4xx_HAL_Driver/Src/stm32f4xx_hal_spi.o
                0x00000000080066f8                HAL_SPI_Receive
 .text.HAL_SPI_TransmitReceive
                0x000000000800691a      0x344 ./Drivers/STM32F4xx_HAL_Driver/Src/stm32f4xx_hal_spi.o
                0x000000000800691a                HAL_SPI_TransmitReceive
 .text.HAL_SPI_GetState
                0x0000000008006c5e       0x1c ./Drivers/STM32F4xx_HAL_Driver/Src/stm32f4xx_hal_spi.o
                0x0000000008006c5e                HAL_SPI_GetState
 *fill*         0x0000000008006c7a        0x2 
 .text.SPI_WaitFlagStateUntilTimeout
                0x0000000008006c7c      0x110 ./Drivers/STM32F4xx_HAL_Driver/Src/stm32f4xx_hal_spi.o
 .text.SPI_EndRxTransaction
                0x0000000008006d8c       0xca ./Drivers/STM32F4xx_HAL_Driver/Src/stm32f4xx_hal_spi.o
 *fill*         0x0000000008006e56        0x2 
 .text.SPI_EndRxTxTransaction
                0x0000000008006e58       0x84 ./Drivers/STM32F4xx_HAL_Driver/Src/stm32f4xx_hal_spi.o
 .text.HAL_TIM_Base_Init
                0x0000000008006edc       0x9e ./Drivers/STM32F4xx_HAL_Driver/Src/stm32f4xx_hal_tim.o
                0x0000000008006edc                HAL_TIM_Base_Init
 *fill*         0x0000000008006f7a        0x2 
 .text.HAL_TIM_Base_Start_IT
                0x0000000008006f7c       0xe0 ./Drivers/STM32F4xx_HAL_Driver/Src/stm32f4xx_hal_tim.o
                0x0000000008006f7c                HAL_TIM_Base_Start_IT
 .text.HAL_TIM_IRQHandler
                0x000000000800705c      0x210 ./Drivers/STM32F4xx_HAL_Driver/Src/stm32f4xx_hal_tim.o
                0x000000000800705c                HAL_TIM_IRQHandler
 .text.HAL_TIM_ConfigClockSource
                0x000000000800726c      0x18e ./Drivers/STM32F4xx_HAL_Driver/Src/stm32f4xx_hal_tim.o
                0x000000000800726c                HAL_TIM_ConfigClockSource
 .text.HAL_TIM_OC_DelayElapsedCallback
                0x00000000080073fa       0x14 ./Drivers/STM32F4xx_HAL_Driver/Src/stm32f4xx_hal_tim.o
                0x00000000080073fa                HAL_TIM_OC_DelayElapsedCallback
 .text.HAL_TIM_IC_CaptureCallback
                0x000000000800740e       0x14 ./Drivers/STM32F4xx_HAL_Driver/Src/stm32f4xx_hal_tim.o
                0x000000000800740e                HAL_TIM_IC_CaptureCallback
 .text.HAL_TIM_PWM_PulseFinishedCallback
                0x0000000008007422       0x14 ./Drivers/STM32F4xx_HAL_Driver/Src/stm32f4xx_hal_tim.o
                0x0000000008007422                HAL_TIM_PWM_PulseFinishedCallback
 .text.HAL_TIM_TriggerCallback
                0x0000000008007436       0x14 ./Drivers/STM32F4xx_HAL_Driver/Src/stm32f4xx_hal_tim.o
                0x0000000008007436                HAL_TIM_TriggerCallback
 *fill*         0x000000000800744a        0x2 
 .text.TIM_Base_SetConfig
                0x000000000800744c      0x140 ./Drivers/STM32F4xx_HAL_Driver/Src/stm32f4xx_hal_tim.o
                0x000000000800744c                TIM_Base_SetConfig
 .text.TIM_TI1_ConfigInputStage
                0x000000000800758c       0x5e ./Drivers/STM32F4xx_HAL_Driver/Src/stm32f4xx_hal_tim.o
 .text.TIM_TI2_ConfigInputStage
                0x00000000080075ea       0x60 ./Drivers/STM32F4xx_HAL_Driver/Src/stm32f4xx_hal_tim.o
 .text.TIM_ITRx_SetConfig
                0x000000000800764a       0x36 ./Drivers/STM32F4xx_HAL_Driver/Src/stm32f4xx_hal_tim.o
 .text.TIM_ETR_SetConfig
                0x0000000008007680       0x40 ./Drivers/STM32F4xx_HAL_Driver/Src/stm32f4xx_hal_tim.o
                0x0000000008007680                TIM_ETR_SetConfig
 .text.HAL_TIMEx_MasterConfigSynchronization
                0x00000000080076c0       0xf8 ./Drivers/STM32F4xx_HAL_Driver/Src/stm32f4xx_hal_tim_ex.o
                0x00000000080076c0                HAL_TIMEx_MasterConfigSynchronization
 .text.HAL_TIMEx_CommutCallback
                0x00000000080077b8       0x14 ./Drivers/STM32F4xx_HAL_Driver/Src/stm32f4xx_hal_tim_ex.o
                0x00000000080077b8                HAL_TIMEx_CommutCallback
 .text.HAL_TIMEx_BreakCallback
                0x00000000080077cc       0x14 ./Drivers/STM32F4xx_HAL_Driver/Src/stm32f4xx_hal_tim_ex.o
                0x00000000080077cc                HAL_TIMEx_BreakCallback
 .text.HAL_UART_Init
                0x00000000080077e0       0x9a ./Drivers/STM32F4xx_HAL_Driver/Src/stm32f4xx_hal_uart.o
                0x00000000080077e0                HAL_UART_Init
 .text.HAL_UART_Transmit
                0x000000000800787a      0x124 ./Drivers/STM32F4xx_HAL_Driver/Src/stm32f4xx_hal_uart.o
                0x000000000800787a                HAL_UART_Transmit
 .text.UART_WaitOnFlagUntilTimeout
                0x000000000800799e       0xdc ./Drivers/STM32F4xx_HAL_Driver/Src/stm32f4xx_hal_uart.o
 *fill*         0x0000000008007a7a        0x2 
 .text.UART_SetConfig
                0x0000000008007a7c      0x4e8 ./Drivers/STM32F4xx_HAL_Driver/Src/stm32f4xx_hal_uart.o
 .text.FMC_SDRAM_Init
                0x0000000008007f64       0xba ./Drivers/STM32F4xx_HAL_Driver/Src/stm32f4xx_ll_fmc.o
                0x0000000008007f64                FMC_SDRAM_Init
 .text.FMC_SDRAM_Timing_Init
                0x000000000800801e       0xd2 ./Drivers/STM32F4xx_HAL_Driver/Src/stm32f4xx_ll_fmc.o
                0x000000000800801e                FMC_SDRAM_Timing_Init
 .text.FMC_SDRAM_SendCommand
                0x00000000080080f0       0x7a ./Drivers/STM32F4xx_HAL_Driver/Src/stm32f4xx_ll_fmc.o
                0x00000000080080f0                FMC_SDRAM_SendCommand
 .text.FMC_SDRAM_ProgramRefreshRate
                0x000000000800816a       0x2e ./Drivers/STM32F4xx_HAL_Driver/Src/stm32f4xx_ll_fmc.o
                0x000000000800816a                FMC_SDRAM_ProgramRefreshRate
 .text.makeFreeRtosPriority
                0x0000000008008198       0x30 ./Middlewares/Third_Party/FreeRTOS/Source/CMSIS_RTOS/cmsis_os.o
 .text.osKernelStart
                0x00000000080081c8        0xe ./Middlewares/Third_Party/FreeRTOS/Source/CMSIS_RTOS/cmsis_os.o
                0x00000000080081c8                osKernelStart
 .text.osThreadCreate
                0x00000000080081d6       0x98 ./Middlewares/Third_Party/FreeRTOS/Source/CMSIS_RTOS/cmsis_os.o
                0x00000000080081d6                osThreadCreate
 .text.osDelay  0x000000000800826e       0x28 ./Middlewares/Third_Party/FreeRTOS/Source/CMSIS_RTOS/cmsis_os.o
                0x000000000800826e                osDelay
 .text.vListInitialise
                0x0000000008008296       0x40 ./Middlewares/Third_Party/FreeRTOS/Source/list.o
                0x0000000008008296                vListInitialise
 .text.vListInitialiseItem
                0x00000000080082d6       0x1a ./Middlewares/Third_Party/FreeRTOS/Source/list.o
                0x00000000080082d6                vListInitialiseItem
 .text.vListInsertEnd
                0x00000000080082f0       0x48 ./Middlewares/Third_Party/FreeRTOS/Source/list.o
                0x00000000080082f0                vListInsertEnd
 .text.vListInsert
                0x0000000008008338       0x72 ./Middlewares/Third_Party/FreeRTOS/Source/list.o
                0x0000000008008338                vListInsert
 .text.uxListRemove
                0x00000000080083aa       0x54 ./Middlewares/Third_Party/FreeRTOS/Source/list.o
                0x00000000080083aa                uxListRemove
 .text.xTaskCreateStatic
                0x00000000080083fe       0xba ./Middlewares/Third_Party/FreeRTOS/Source/tasks.o
                0x00000000080083fe                xTaskCreateStatic
 .text.xTaskCreate
                0x00000000080084b8       0x8a ./Middlewares/Third_Party/FreeRTOS/Source/tasks.o
                0x00000000080084b8                xTaskCreate
 .text.prvInitialiseNewTask
                0x0000000008008542      0x124 ./Middlewares/Third_Party/FreeRTOS/Source/tasks.o
 *fill*         0x0000000008008666        0x2 
 .text.prvAddNewTaskToReadyList
                0x0000000008008668       0xd4 ./Middlewares/Third_Party/FreeRTOS/Source/tasks.o
 .text.vTaskDelay
                0x000000000800873c       0x68 ./Middlewares/Third_Party/FreeRTOS/Source/tasks.o
                0x000000000800873c                vTaskDelay
 .text.vTaskStartScheduler
                0x00000000080087a4       0xc0 ./Middlewares/Third_Party/FreeRTOS/Source/tasks.o
                0x00000000080087a4                vTaskStartScheduler
 .text.vTaskSuspendAll
                0x0000000008008864       0x1c ./Middlewares/Third_Party/FreeRTOS/Source/tasks.o
                0x0000000008008864                vTaskSuspendAll
 .text.xTaskResumeAll
                0x0000000008008880      0x138 ./Middlewares/Third_Party/FreeRTOS/Source/tasks.o
                0x0000000008008880                xTaskResumeAll
 .text.xTaskIncrementTick
                0x00000000080089b8      0x170 ./Middlewares/Third_Party/FreeRTOS/Source/tasks.o
                0x00000000080089b8                xTaskIncrementTick
 .text.vTaskSwitchContext
                0x0000000008008b28      0x100 ./Middlewares/Third_Party/FreeRTOS/Source/tasks.o
                0x0000000008008b28                vTaskSwitchContext
 .text.prvIdleTask
                0x0000000008008c28       0x34 ./Middlewares/Third_Party/FreeRTOS/Source/tasks.o
 .text.prvInitialiseTaskLists
                0x0000000008008c5c       0x80 ./Middlewares/Third_Party/FreeRTOS/Source/tasks.o
 .text.prvCheckTasksWaitingTermination
                0x0000000008008cdc       0x5c ./Middlewares/Third_Party/FreeRTOS/Source/tasks.o
 .text.prvDeleteTCB
                0x0000000008008d38       0x5e ./Middlewares/Third_Party/FreeRTOS/Source/tasks.o
 *fill*         0x0000000008008d96        0x2 
 .text.prvResetNextTaskUnblockTime
                0x0000000008008d98       0x40 ./Middlewares/Third_Party/FreeRTOS/Source/tasks.o
 .text.prvAddCurrentTaskToDelayedList
                0x0000000008008dd8       0xcc ./Middlewares/Third_Party/FreeRTOS/Source/tasks.o
 .text.pxPortInitialiseStack
                0x0000000008008ea4       0x68 ./Middlewares/Third_Party/FreeRTOS/Source/portable/GCC/ARM_CM4F/port.o
                0x0000000008008ea4                pxPortInitialiseStack
 .text.prvTaskExitError
                0x0000000008008f0c       0x58 ./Middlewares/Third_Party/FreeRTOS/Source/portable/GCC/ARM_CM4F/port.o
 *fill*         0x0000000008008f64        0xc 
 .text.SVC_Handler
                0x0000000008008f70       0x28 ./Middlewares/Third_Party/FreeRTOS/Source/portable/GCC/ARM_CM4F/port.o
                0x0000000008008f70                SVC_Handler
 .text.prvPortStartFirstTask
                0x0000000008008f98       0x28 ./Middlewares/Third_Party/FreeRTOS/Source/portable/GCC/ARM_CM4F/port.o
 .text.xPortStartScheduler
                0x0000000008008fc0      0x144 ./Middlewares/Third_Party/FreeRTOS/Source/portable/GCC/ARM_CM4F/port.o
                0x0000000008008fc0                xPortStartScheduler
 .text.vPortEnterCritical
                0x0000000008009104       0x60 ./Middlewares/Third_Party/FreeRTOS/Source/portable/GCC/ARM_CM4F/port.o
                0x0000000008009104                vPortEnterCritical
 .text.vPortExitCritical
                0x0000000008009164       0x54 ./Middlewares/Third_Party/FreeRTOS/Source/portable/GCC/ARM_CM4F/port.o
                0x0000000008009164                vPortExitCritical
 *fill*         0x00000000080091b8        0x8 
 .text.PendSV_Handler
                0x00000000080091c0       0x68 ./Middlewares/Third_Party/FreeRTOS/Source/portable/GCC/ARM_CM4F/port.o
                0x00000000080091c0                PendSV_Handler
 .text.SysTick_Handler
                0x0000000008009228       0x44 ./Middlewares/Third_Party/FreeRTOS/Source/portable/GCC/ARM_CM4F/port.o
                0x0000000008009228                SysTick_Handler
 .text.vPortSetupTimerInterrupt
                0x000000000800926c       0x48 ./Middlewares/Third_Party/FreeRTOS/Source/portable/GCC/ARM_CM4F/port.o
                0x000000000800926c                vPortSetupTimerInterrupt
 .text.vPortEnableVFP
                0x00000000080092b4       0x14 ./Middlewares/Third_Party/FreeRTOS/Source/portable/GCC/ARM_CM4F/port.o
 .text.pvPortMalloc
                0x00000000080092c8      0x1a0 ./Middlewares/Third_Party/FreeRTOS/Source/portable/MemMang/heap_4.o
                0x00000000080092c8                pvPortMalloc
 .text.vPortFree
                0x0000000008009468       0xc4 ./Middlewares/Third_Party/FreeRTOS/Source/portable/MemMang/heap_4.o
                0x0000000008009468                vPortFree
 .text.prvHeapInit
                0x000000000800952c       0xc4 ./Middlewares/Third_Party/FreeRTOS/Source/portable/MemMang/heap_4.o
 .text.prvInsertBlockIntoFreeList
                0x00000000080095f0       0xb4 ./Middlewares/Third_Party/FreeRTOS/Source/portable/MemMang/heap_4.o
 .text.__errno  0x00000000080096a4        0xc c:/st/stm32cubeide_1.10.1/stm32cubeide/plugins/com.st.stm32cube.ide.mcu.externaltools.gnu-tools-for-stm32.10.3-2021.10.win32_1.0.0.202111181127/tools/bin/../lib/gcc/arm-none-eabi/10.3.1/../../../../arm-none-eabi/lib/thumb/v7e-m+fp/hard\libc_nano.a(lib_a-errno.o)
                0x00000000080096a4                __errno
 .text.__libc_init_array
                0x00000000080096b0       0x48 c:/st/stm32cubeide_1.10.1/stm32cubeide/plugins/com.st.stm32cube.ide.mcu.externaltools.gnu-tools-for-stm32.10.3-2021.10.win32_1.0.0.202111181127/tools/bin/../lib/gcc/arm-none-eabi/10.3.1/../../../../arm-none-eabi/lib/thumb/v7e-m+fp/hard\libc_nano.a(lib_a-init.o)
                0x00000000080096b0                __libc_init_array
 .text.memcpy   0x00000000080096f8       0x1c c:/st/stm32cubeide_1.10.1/stm32cubeide/plugins/com.st.stm32cube.ide.mcu.externaltools.gnu-tools-for-stm32.10.3-2021.10.win32_1.0.0.202111181127/tools/bin/../lib/gcc/arm-none-eabi/10.3.1/../../../../arm-none-eabi/lib/thumb/v7e-m+fp/hard\libc_nano.a(lib_a-memcpy-stub.o)
                0x00000000080096f8                memcpy
 .text.memset   0x0000000008009714       0x10 c:/st/stm32cubeide_1.10.1/stm32cubeide/plugins/com.st.stm32cube.ide.mcu.externaltools.gnu-tools-for-stm32.10.3-2021.10.win32_1.0.0.202111181127/tools/bin/../lib/gcc/arm-none-eabi/10.3.1/../../../../arm-none-eabi/lib/thumb/v7e-m+fp/hard\libc_nano.a(lib_a-memset.o)
                0x0000000008009714                memset
 .text.snprintf
                0x0000000008009724       0x68 c:/st/stm32cubeide_1.10.1/stm32cubeide/plugins/com.st.stm32cube.ide.mcu.externaltools.gnu-tools-for-stm32.10.3-2021.10.win32_1.0.0.202111181127/tools/bin/../lib/gcc/arm-none-eabi/10.3.1/../../../../arm-none-eabi/lib/thumb/v7e-m+fp/hard\libc_nano.a(lib_a-snprintf.o)
                0x0000000008009724                sniprintf
                0x0000000008009724                snprintf
 .text.__ssputs_r
                0x000000000800978c       0xb6 c:/st/stm32cubeide_1.10.1/stm32cubeide/plugins/com.st.stm32cube.ide.mcu.externaltools.gnu-tools-for-stm32.10.3-2021.10.win32_1.0.0.202111181127/tools/bin/../lib/gcc/arm-none-eabi/10.3.1/../../../../arm-none-eabi/lib/thumb/v7e-m+fp/hard\libc_nano.a(lib_a-nano-svfprintf.o)
                0x000000000800978c                __ssputs_r
 *fill*         0x0000000008009842        0x2 
 .text._svfprintf_r
                0x0000000008009844      0x200 c:/st/stm32cubeide_1.10.1/stm32cubeide/plugins/com.st.stm32cube.ide.mcu.externaltools.gnu-tools-for-stm32.10.3-2021.10.win32_1.0.0.202111181127/tools/bin/../lib/gcc/arm-none-eabi/10.3.1/../../../../arm-none-eabi/lib/thumb/v7e-m+fp/hard\libc_nano.a(lib_a-nano-svfprintf.o)
                0x0000000008009844                _svfiprintf_r
                0x0000000008009844                _svfprintf_r
 .text._printf_common
                0x0000000008009a44       0xda c:/st/stm32cubeide_1.10.1/stm32cubeide/plugins/com.st.stm32cube.ide.mcu.externaltools.gnu-tools-for-stm32.10.3-2021.10.win32_1.0.0.202111181127/tools/bin/../lib/gcc/arm-none-eabi/10.3.1/../../../../arm-none-eabi/lib/thumb/v7e-m+fp/hard\libc_nano.a(lib_a-nano-vfprintf_i.o)
                0x0000000008009a44                _printf_common
 *fill*         0x0000000008009b1e        0x2 
 .text._printf_i
                0x0000000008009b20      0x24c c:/st/stm32cubeide_1.10.1/stm32cubeide/plugins/com.st.stm32cube.ide.mcu.externaltools.gnu-tools-for-stm32.10.3-2021.10.win32_1.0.0.202111181127/tools/bin/../lib/gcc/arm-none-eabi/10.3.1/../../../../arm-none-eabi/lib/thumb/v7e-m+fp/hard\libc_nano.a(lib_a-nano-vfprintf_i.o)
                0x0000000008009b20                _printf_i
 .text.memmove  0x0000000008009d6c       0x34 c:/st/stm32cubeide_1.10.1/stm32cubeide/plugins/com.st.stm32cube.ide.mcu.externaltools.gnu-tools-for-stm32.10.3-2021.10.win32_1.0.0.202111181127/tools/bin/../lib/gcc/arm-none-eabi/10.3.1/../../../../arm-none-eabi/lib/thumb/v7e-m+fp/hard\libc_nano.a(lib_a-memmove.o)
                0x0000000008009d6c                memmove
 .text._free_r  0x0000000008009da0       0x98 c:/st/stm32cubeide_1.10.1/stm32cubeide/plugins/com.st.stm32cube.ide.mcu.externaltools.gnu-tools-for-stm32.10.3-2021.10.win32_1.0.0.202111181127/tools/bin/../lib/gcc/arm-none-eabi/10.3.1/../../../../arm-none-eabi/lib/thumb/v7e-m+fp/hard\libc_nano.a(lib_a-nano-freer.o)
                0x0000000008009da0                _free_r
 .text.sbrk_aligned
                0x0000000008009e38       0x40 c:/st/stm32cubeide_1.10.1/stm32cubeide/plugins/com.st.stm32cube.ide.mcu.externaltools.gnu-tools-for-stm32.10.3-2021.10.win32_1.0.0.202111181127/tools/bin/../lib/gcc/arm-none-eabi/10.3.1/../../../../arm-none-eabi/lib/thumb/v7e-m+fp/hard\libc_nano.a(lib_a-nano-mallocr.o)
 .text._malloc_r
                0x0000000008009e78       0xe8 c:/st/stm32cubeide_1.10.1/stm32cubeide/plugins/com.st.stm32cube.ide.mcu.externaltools.gnu-tools-for-stm32.10.3-2021.10.win32_1.0.0.202111181127/tools/bin/../lib/gcc/arm-none-eabi/10.3.1/../../../../arm-none-eabi/lib/thumb/v7e-m+fp/hard\libc_nano.a(lib_a-nano-mallocr.o)
                0x0000000008009e78                _malloc_r
 .text._realloc_r
                0x0000000008009f60       0x5e c:/st/stm32cubeide_1.10.1/stm32cubeide/plugins/com.st.stm32cube.ide.mcu.externaltools.gnu-tools-for-stm32.10.3-2021.10.win32_1.0.0.202111181127/tools/bin/../lib/gcc/arm-none-eabi/10.3.1/../../../../arm-none-eabi/lib/thumb/v7e-m+fp/hard\libc_nano.a(lib_a-nano-reallocr.o)
                0x0000000008009f60                _realloc_r
 *fill*         0x0000000008009fbe        0x2 
 .text._sbrk_r  0x0000000008009fc0       0x20 c:/st/stm32cubeide_1.10.1/stm32cubeide/plugins/com.st.stm32cube.ide.mcu.externaltools.gnu-tools-for-stm32.10.3-2021.10.win32_1.0.0.202111181127/tools/bin/../lib/gcc/arm-none-eabi/10.3.1/../../../../arm-none-eabi/lib/thumb/v7e-m+fp/hard\libc_nano.a(lib_a-sbrkr.o)
                0x0000000008009fc0                _sbrk_r
 .text.__malloc_lock
                0x0000000008009fe0        0xc c:/st/stm32cubeide_1.10.1/stm32cubeide/plugins/com.st.stm32cube.ide.mcu.externaltools.gnu-tools-for-stm32.10.3-2021.10.win32_1.0.0.202111181127/tools/bin/../lib/gcc/arm-none-eabi/10.3.1/../../../../arm-none-eabi/lib/thumb/v7e-m+fp/hard\libc_nano.a(lib_a-mlock.o)
                0x0000000008009fe0                __malloc_lock
 .text.__malloc_unlock
                0x0000000008009fec        0xc c:/st/stm32cubeide_1.10.1/stm32cubeide/plugins/com.st.stm32cube.ide.mcu.externaltools.gnu-tools-for-stm32.10.3-2021.10.win32_1.0.0.202111181127/tools/bin/../lib/gcc/arm-none-eabi/10.3.1/../../../../arm-none-eabi/lib/thumb/v7e-m+fp/hard\libc_nano.a(lib_a-mlock.o)
                0x0000000008009fec                __malloc_unlock
 .text._malloc_usable_size_r
                0x0000000008009ff8       0x10 c:/st/stm32cubeide_1.10.1/stm32cubeide/plugins/com.st.stm32cube.ide.mcu.externaltools.gnu-tools-for-stm32.10.3-2021.10.win32_1.0.0.202111181127/tools/bin/../lib/gcc/arm-none-eabi/10.3.1/../../../../arm-none-eabi/lib/thumb/v7e-m+fp/hard\libc_nano.a(lib_a-nano-msizer.o)
                0x0000000008009ff8                _malloc_usable_size_r
 .text.__retarget_lock_acquire_recursive
                0x000000000800a008        0x2 c:/st/stm32cubeide_1.10.1/stm32cubeide/plugins/com.st.stm32cube.ide.mcu.externaltools.gnu-tools-for-stm32.10.3-2021.10.win32_1.0.0.202111181127/tools/bin/../lib/gcc/arm-none-eabi/10.3.1/../../../../arm-none-eabi/lib/thumb/v7e-m+fp/hard\libc_nano.a(lib_a-lock.o)
                0x000000000800a008                __retarget_lock_acquire_recursive
 .text.__retarget_lock_release_recursive
                0x000000000800a00a        0x2 c:/st/stm32cubeide_1.10.1/stm32cubeide/plugins/com.st.stm32cube.ide.mcu.externaltools.gnu-tools-for-stm32.10.3-2021.10.win32_1.0.0.202111181127/tools/bin/../lib/gcc/arm-none-eabi/10.3.1/../../../../arm-none-eabi/lib/thumb/v7e-m+fp/hard\libc_nano.a(lib_a-lock.o)
                0x000000000800a00a                __retarget_lock_release_recursive
 *(.glue_7)
 .glue_7        0x000000000800a00c        0x0 linker stubs
 *(.glue_7t)
 .glue_7t       0x000000000800a00c        0x0 linker stubs
 *(.eh_frame)
 .eh_frame      0x000000000800a00c        0x0 c:/st/stm32cubeide_1.10.1/stm32cubeide/plugins/com.st.stm32cube.ide.mcu.externaltools.gnu-tools-for-stm32.10.3-2021.10.win32_1.0.0.202111181127/tools/bin/../lib/gcc/arm-none-eabi/10.3.1/thumb/v7e-m+fp/hard/crtbegin.o
 *(.init)
 .init          0x000000000800a00c        0x4 c:/st/stm32cubeide_1.10.1/stm32cubeide/plugins/com.st.stm32cube.ide.mcu.externaltools.gnu-tools-for-stm32.10.3-2021.10.win32_1.0.0.202111181127/tools/bin/../lib/gcc/arm-none-eabi/10.3.1/thumb/v7e-m+fp/hard/crti.o
                0x000000000800a00c                _init
 .init          0x000000000800a010        0x8 c:/st/stm32cubeide_1.10.1/stm32cubeide/plugins/com.st.stm32cube.ide.mcu.externaltools.gnu-tools-for-stm32.10.3-2021.10.win32_1.0.0.202111181127/tools/bin/../lib/gcc/arm-none-eabi/10.3.1/thumb/v7e-m+fp/hard/crtn.o
 *(.fini)
 .fini          0x000000000800a018        0x4 c:/st/stm32cubeide_1.10.1/stm32cubeide/plugins/com.st.stm32cube.ide.mcu.externaltools.gnu-tools-for-stm32.10.3-2021.10.win32_1.0.0.202111181127/tools/bin/../lib/gcc/arm-none-eabi/10.3.1/thumb/v7e-m+fp/hard/crti.o
                0x000000000800a018                _fini
 .fini          0x000000000800a01c        0x8 c:/st/stm32cubeide_1.10.1/stm32cubeide/plugins/com.st.stm32cube.ide.mcu.externaltools.gnu-tools-for-stm32.10.3-2021.10.win32_1.0.0.202111181127/tools/bin/../lib/gcc/arm-none-eabi/10.3.1/thumb/v7e-m+fp/hard/crtn.o
                0x000000000800a024                . = ALIGN (0x4)
                0x000000000800a024                _etext = .

.vfp11_veneer   0x000000000800a024        0x0
 .vfp11_veneer  0x000000000800a024        0x0 linker stubs

.v4_bx          0x000000000800a024        0x0
 .v4_bx         0x000000000800a024        0x0 linker stubs

.iplt           0x000000000800a024        0x0
 .iplt          0x000000000800a024        0x0 c:/st/stm32cubeide_1.10.1/stm32cubeide/plugins/com.st.stm32cube.ide.mcu.externaltools.gnu-tools-for-stm32.10.3-2021.10.win32_1.0.0.202111181127/tools/bin/../lib/gcc/arm-none-eabi/10.3.1/thumb/v7e-m+fp/hard/crtbegin.o

.rodata         0x000000000800a024     0x1b58
                0x000000000800a024                . = ALIGN (0x4)
 *(.rodata)
 .rodata        0x000000000800a024       0x3b ./Core/Src/main.o
 *fill*         0x000000000800a05f        0x1 
 .rodata        0x000000000800a060        0x7 ./Core/Src/stm32f4xx_it.o
 *fill*         0x000000000800a067        0x1 
 .rodata        0x000000000800a068        0x5 ./Middlewares/Third_Party/FreeRTOS/Source/tasks.o
 *(.rodata*)
 *fill*         0x000000000800a06d        0x3 
 .rodata.AHBPrescTable
                0x000000000800a070       0x10 ./Core/Src/system_stm32f4xx.o
                0x000000000800a070                AHBPrescTable
 .rodata.APBPrescTable
                0x000000000800a080        0x8 ./Core/Src/system_stm32f4xx.o
                0x000000000800a080                APBPrescTable
 .rodata.Font24_Table
                0x000000000800a088     0x1ab8 ./Drivers/BSP/STM32F429I-Discovery/stm32f429i_discovery_lcd.o
                0x000000000800a088                Font24_Table
 .rodata.flagBitshiftOffset.0
                0x000000000800bb40        0x8 ./Drivers/STM32F4xx_HAL_Driver/Src/stm32f4xx_hal_dma.o
 .rodata._svfprintf_r.str1.1
                0x000000000800bb48       0x11 c:/st/stm32cubeide_1.10.1/stm32cubeide/plugins/com.st.stm32cube.ide.mcu.externaltools.gnu-tools-for-stm32.10.3-2021.10.win32_1.0.0.202111181127/tools/bin/../lib/gcc/arm-none-eabi/10.3.1/../../../../arm-none-eabi/lib/thumb/v7e-m+fp/hard\libc_nano.a(lib_a-nano-svfprintf.o)
 .rodata._printf_i.str1.1
                0x000000000800bb59       0x22 c:/st/stm32cubeide_1.10.1/stm32cubeide/plugins/com.st.stm32cube.ide.mcu.externaltools.gnu-tools-for-stm32.10.3-2021.10.win32_1.0.0.202111181127/tools/bin/../lib/gcc/arm-none-eabi/10.3.1/../../../../arm-none-eabi/lib/thumb/v7e-m+fp/hard\libc_nano.a(lib_a-nano-vfprintf_i.o)
                0x000000000800bb7c                . = ALIGN (0x4)
 *fill*         0x000000000800bb7b        0x1 

.ARM.extab      0x000000000800bb7c        0x0
                0x000000000800bb7c                . = ALIGN (0x4)
 *(.ARM.extab* .gnu.linkonce.armextab.*)
                0x000000000800bb7c                . = ALIGN (0x4)

.ARM            0x000000000800bb7c        0x8
                0x000000000800bb7c                . = ALIGN (0x4)
                0x000000000800bb7c                __exidx_start = .
 *(.ARM.exidx*)
 .ARM.exidx     0x000000000800bb7c        0x8 c:/st/stm32cubeide_1.10.1/stm32cubeide/plugins/com.st.stm32cube.ide.mcu.externaltools.gnu-tools-for-stm32.10.3-2021.10.win32_1.0.0.202111181127/tools/bin/../lib/gcc/arm-none-eabi/10.3.1/thumb/v7e-m+fp/hard\libgcc.a(_udivmoddi4.o)
                0x000000000800bb84                __exidx_end = .
                0x000000000800bb84                . = ALIGN (0x4)

.rel.dyn        0x000000000800bb84        0x0
 .rel.iplt      0x000000000800bb84        0x0 c:/st/stm32cubeide_1.10.1/stm32cubeide/plugins/com.st.stm32cube.ide.mcu.externaltools.gnu-tools-for-stm32.10.3-2021.10.win32_1.0.0.202111181127/tools/bin/../lib/gcc/arm-none-eabi/10.3.1/thumb/v7e-m+fp/hard/crtbegin.o

.preinit_array  0x000000000800bb84        0x0
                0x000000000800bb84                . = ALIGN (0x4)
                0x000000000800bb84                PROVIDE (__preinit_array_start = .)
 *(.preinit_array*)
                0x000000000800bb84                PROVIDE (__preinit_array_end = .)
                0x000000000800bb84                . = ALIGN (0x4)

.init_array     0x000000000800bb84        0x4
                0x000000000800bb84                . = ALIGN (0x4)
                0x000000000800bb84                PROVIDE (__init_array_start = .)
 *(SORT_BY_NAME(.init_array.*))
 *(.init_array*)
 .init_array    0x000000000800bb84        0x4 c:/st/stm32cubeide_1.10.1/stm32cubeide/plugins/com.st.stm32cube.ide.mcu.externaltools.gnu-tools-for-stm32.10.3-2021.10.win32_1.0.0.202111181127/tools/bin/../lib/gcc/arm-none-eabi/10.3.1/thumb/v7e-m+fp/hard/crtbegin.o
                0x000000000800bb88                PROVIDE (__init_array_end = .)
                0x000000000800bb88                . = ALIGN (0x4)

.fini_array     0x000000000800bb88        0x4
                0x000000000800bb88                . = ALIGN (0x4)
                [!provide]                        PROVIDE (__fini_array_start = .)
 *(SORT_BY_NAME(.fini_array.*))
 *(.fini_array*)
 .fini_array    0x000000000800bb88        0x4 c:/st/stm32cubeide_1.10.1/stm32cubeide/plugins/com.st.stm32cube.ide.mcu.externaltools.gnu-tools-for-stm32.10.3-2021.10.win32_1.0.0.202111181127/tools/bin/../lib/gcc/arm-none-eabi/10.3.1/thumb/v7e-m+fp/hard/crtbegin.o
                [!provide]                        PROVIDE (__fini_array_end = .)
                0x000000000800bb8c                . = ALIGN (0x4)
                0x000000000800bb8c                _sidata = LOADADDR (.data)

.data           0x0000000020000000       0xbc load address 0x000000000800bb8c
                0x0000000020000000                . = ALIGN (0x4)
                0x0000000020000000                _sdata = .
 *(.data)
 *(.data*)
 .data.SystemCoreClock
                0x0000000020000000        0x4 ./Core/Src/system_stm32f4xx.o
                0x0000000020000000                SystemCoreClock
 .data.ili9341_drv
                0x0000000020000004       0x38 ./Drivers/BSP/Components/ili9341/ili9341.o
                0x0000000020000004                ili9341_drv
 .data.SpixTimeout
                0x000000002000003c        0x4 ./Drivers/BSP/STM32F429I-Discovery/stm32f429i_discovery.o
                0x000000002000003c                SpixTimeout
 .data.Font24   0x0000000020000040        0x8 ./Drivers/BSP/STM32F429I-Discovery/stm32f429i_discovery_lcd.o
                0x0000000020000040                Font24
 .data.sdramstatus.2
                0x0000000020000048        0x1 ./Drivers/BSP/STM32F429I-Discovery/stm32f429i_discovery_sdram.o
 *fill*         0x0000000020000049        0x3 
 .data.uwTickPrio
                0x000000002000004c        0x4 ./Drivers/STM32F4xx_HAL_Driver/Src/stm32f4xx_hal.o
                0x000000002000004c                uwTickPrio
 .data.uwTickFreq
                0x0000000020000050        0x1 ./Drivers/STM32F4xx_HAL_Driver/Src/stm32f4xx_hal.o
                0x0000000020000050                uwTickFreq
 *fill*         0x0000000020000051        0x3 
 .data.uxCriticalNesting
                0x0000000020000054        0x4 ./Middlewares/Third_Party/FreeRTOS/Source/portable/GCC/ARM_CM4F/port.o
 .data._impure_ptr
                0x0000000020000058        0x4 c:/st/stm32cubeide_1.10.1/stm32cubeide/plugins/com.st.stm32cube.ide.mcu.externaltools.gnu-tools-for-stm32.10.3-2021.10.win32_1.0.0.202111181127/tools/bin/../lib/gcc/arm-none-eabi/10.3.1/../../../../arm-none-eabi/lib/thumb/v7e-m+fp/hard\libc_nano.a(lib_a-impure.o)
                0x0000000020000058                _impure_ptr
 .data.impure_data
                0x000000002000005c       0x60 c:/st/stm32cubeide_1.10.1/stm32cubeide/plugins/com.st.stm32cube.ide.mcu.externaltools.gnu-tools-for-stm32.10.3-2021.10.win32_1.0.0.202111181127/tools/bin/../lib/gcc/arm-none-eabi/10.3.1/../../../../arm-none-eabi/lib/thumb/v7e-m+fp/hard\libc_nano.a(lib_a-impure.o)
 *(.RamFunc)
 *(.RamFunc*)
                0x00000000200000bc                . = ALIGN (0x4)
                0x00000000200000bc                _edata = .
                0x000000000800bc48                _siccmram = LOADADDR (.ccmram)

.igot.plt       0x00000000200000bc        0x0 load address 0x000000000800bc48
 .igot.plt      0x00000000200000bc        0x0 c:/st/stm32cubeide_1.10.1/stm32cubeide/plugins/com.st.stm32cube.ide.mcu.externaltools.gnu-tools-for-stm32.10.3-2021.10.win32_1.0.0.202111181127/tools/bin/../lib/gcc/arm-none-eabi/10.3.1/thumb/v7e-m+fp/hard/crtbegin.o

.ccmram         0x0000000010000000        0x0 load address 0x000000000800bc48
                0x0000000010000000                . = ALIGN (0x4)
                0x0000000010000000                _sccmram = .
 *(.ccmram)
 *(.ccmram*)
                0x0000000010000000                . = ALIGN (0x4)
                0x0000000010000000                _eccmram = .
                0x0000000010000000                . = ALIGN (0x4)

.bss            0x00000000200000bc     0x8974
                0x00000000200000bc                _sbss = .
                0x00000000200000bc                __bss_start__ = _sbss
 *(.bss)
 .bss           0x00000000200000bc       0x1c c:/st/stm32cubeide_1.10.1/stm32cubeide/plugins/com.st.stm32cube.ide.mcu.externaltools.gnu-tools-for-stm32.10.3-2021.10.win32_1.0.0.202111181127/tools/bin/../lib/gcc/arm-none-eabi/10.3.1/thumb/v7e-m+fp/hard/crtbegin.o
 *(.bss*)
 .bss.xIdleTaskTCBBuffer
                0x00000000200000d8       0x58 ./Core/Src/freertos.o
 .bss.xIdleStack
                0x0000000020000130      0x200 ./Core/Src/freertos.o
 .bss.hadc1     0x0000000020000330       0x48 ./Core/Src/main.o
                0x0000000020000330                hadc1
 .bss.hcrc      0x0000000020000378        0x8 ./Core/Src/main.o
                0x0000000020000378                hcrc
 .bss.hdma2d    0x0000000020000380       0x40 ./Core/Src/main.o
                0x0000000020000380                hdma2d
 .bss.hi2c3     0x00000000200003c0       0x54 ./Core/Src/main.o
                0x00000000200003c0                hi2c3
 .bss.hltdc     0x0000000020000414       0xa8 ./Core/Src/main.o
                0x0000000020000414                hltdc
 .bss.hspi5     0x00000000200004bc       0x58 ./Core/Src/main.o
                0x00000000200004bc                hspi5
 .bss.htim1     0x0000000020000514       0x48 ./Core/Src/main.o
                0x0000000020000514                htim1
 .bss.htim2     0x000000002000055c       0x48 ./Core/Src/main.o
                0x000000002000055c                htim2
 .bss.huart1    0x00000000200005a4       0x44 ./Core/Src/main.o
                0x00000000200005a4                huart1
 .bss.hsdram1   0x00000000200005e8       0x34 ./Core/Src/main.o
                0x00000000200005e8                hsdram1
 .bss._DisplayTaskHandle
                0x000000002000061c        0x4 ./Core/Src/main.o
                0x000000002000061c                _DisplayTaskHandle
 .bss.u16ADC_Val
                0x0000000020000620        0x2 ./Core/Src/main.o
                0x0000000020000620                u16ADC_Val
 *fill*         0x0000000020000622        0x2 
 .bss.FMC_Initialized
                0x0000000020000624        0x4 ./Core/Src/stm32f4xx_hal_msp.o
 .bss.htim6     0x0000000020000628       0x48 ./Core/Src/stm32f4xx_hal_timebase_tim.o
                0x0000000020000628                htim6
 .bss.__sbrk_heap_end
                0x0000000020000670        0x4 ./Core/Src/sysmem.o
 .bss.SpiHandle
                0x0000000020000674       0x58 ./Drivers/BSP/STM32F429I-Discovery/stm32f429i_discovery.o
 .bss.Is_LCD_IO_Initialized
                0x00000000200006cc        0x1 ./Drivers/BSP/STM32F429I-Discovery/stm32f429i_discovery.o
 *fill*         0x00000000200006cd        0x3 
 .bss.LtdcHandler
                0x00000000200006d0       0xa8 ./Drivers/BSP/STM32F429I-Discovery/stm32f429i_discovery_lcd.o
                0x00000000200006d0                LtdcHandler
 .bss.Dma2dHandler
                0x0000000020000778       0x40 ./Drivers/BSP/STM32F429I-Discovery/stm32f429i_discovery_lcd.o
 .bss.PeriphClkInitStruct
                0x00000000200007b8       0x30 ./Drivers/BSP/STM32F429I-Discovery/stm32f429i_discovery_lcd.o
 .bss.ActiveLayer
                0x00000000200007e8        0x4 ./Drivers/BSP/STM32F429I-Discovery/stm32f429i_discovery_lcd.o
 .bss.DrawProp  0x00000000200007ec       0x18 ./Drivers/BSP/STM32F429I-Discovery/stm32f429i_discovery_lcd.o
 .bss.LcdDrv    0x0000000020000804        0x4 ./Drivers/BSP/STM32F429I-Discovery/stm32f429i_discovery_lcd.o
                0x0000000020000804                LcdDrv
 .bss.SdramHandle
                0x0000000020000808       0x34 ./Drivers/BSP/STM32F429I-Discovery/stm32f429i_discovery_sdram.o
 .bss.Timing    0x000000002000083c       0x1c ./Drivers/BSP/STM32F429I-Discovery/stm32f429i_discovery_sdram.o
 .bss.Command   0x0000000020000858       0x10 ./Drivers/BSP/STM32F429I-Discovery/stm32f429i_discovery_sdram.o
 .bss.dmaHandle.1
                0x0000000020000868       0x60 ./Drivers/BSP/STM32F429I-Discovery/stm32f429i_discovery_sdram.o
 .bss.uwTick    0x00000000200008c8        0x4 ./Drivers/STM32F4xx_HAL_Driver/Src/stm32f4xx_hal.o
                0x00000000200008c8                uwTick
 .bss.pxCurrentTCB
                0x00000000200008cc        0x4 ./Middlewares/Third_Party/FreeRTOS/Source/tasks.o
                0x00000000200008cc                pxCurrentTCB
 .bss.pxReadyTasksLists
                0x00000000200008d0       0x8c ./Middlewares/Third_Party/FreeRTOS/Source/tasks.o
 .bss.xDelayedTaskList1
                0x000000002000095c       0x14 ./Middlewares/Third_Party/FreeRTOS/Source/tasks.o
 .bss.xDelayedTaskList2
                0x0000000020000970       0x14 ./Middlewares/Third_Party/FreeRTOS/Source/tasks.o
 .bss.pxDelayedTaskList
                0x0000000020000984        0x4 ./Middlewares/Third_Party/FreeRTOS/Source/tasks.o
 .bss.pxOverflowDelayedTaskList
                0x0000000020000988        0x4 ./Middlewares/Third_Party/FreeRTOS/Source/tasks.o
 .bss.xPendingReadyList
                0x000000002000098c       0x14 ./Middlewares/Third_Party/FreeRTOS/Source/tasks.o
 .bss.xTasksWaitingTermination
                0x00000000200009a0       0x14 ./Middlewares/Third_Party/FreeRTOS/Source/tasks.o
 .bss.uxDeletedTasksWaitingCleanUp
                0x00000000200009b4        0x4 ./Middlewares/Third_Party/FreeRTOS/Source/tasks.o
 .bss.xSuspendedTaskList
                0x00000000200009b8       0x14 ./Middlewares/Third_Party/FreeRTOS/Source/tasks.o
 .bss.uxCurrentNumberOfTasks
                0x00000000200009cc        0x4 ./Middlewares/Third_Party/FreeRTOS/Source/tasks.o
 .bss.xTickCount
                0x00000000200009d0        0x4 ./Middlewares/Third_Party/FreeRTOS/Source/tasks.o
 .bss.uxTopReadyPriority
                0x00000000200009d4        0x4 ./Middlewares/Third_Party/FreeRTOS/Source/tasks.o
 .bss.xSchedulerRunning
                0x00000000200009d8        0x4 ./Middlewares/Third_Party/FreeRTOS/Source/tasks.o
 .bss.xPendedTicks
                0x00000000200009dc        0x4 ./Middlewares/Third_Party/FreeRTOS/Source/tasks.o
 .bss.xYieldPending
                0x00000000200009e0        0x4 ./Middlewares/Third_Party/FreeRTOS/Source/tasks.o
 .bss.xNumOfOverflows
                0x00000000200009e4        0x4 ./Middlewares/Third_Party/FreeRTOS/Source/tasks.o
 .bss.uxTaskNumber
                0x00000000200009e8        0x4 ./Middlewares/Third_Party/FreeRTOS/Source/tasks.o
 .bss.xNextTaskUnblockTime
                0x00000000200009ec        0x4 ./Middlewares/Third_Party/FreeRTOS/Source/tasks.o
 .bss.xIdleTaskHandle
                0x00000000200009f0        0x4 ./Middlewares/Third_Party/FreeRTOS/Source/tasks.o
 .bss.uxSchedulerSuspended
                0x00000000200009f4        0x4 ./Middlewares/Third_Party/FreeRTOS/Source/tasks.o
 .bss.ucMaxSysCallPriority
                0x00000000200009f8        0x1 ./Middlewares/Third_Party/FreeRTOS/Source/portable/GCC/ARM_CM4F/port.o
 *fill*         0x00000000200009f9        0x3 
 .bss.ulMaxPRIGROUPValue
                0x00000000200009fc        0x4 ./Middlewares/Third_Party/FreeRTOS/Source/portable/GCC/ARM_CM4F/port.o
 .bss.ucHeap    0x0000000020000a00     0x8000 ./Middlewares/Third_Party/FreeRTOS/Source/portable/MemMang/heap_4.o
 .bss.xStart    0x0000000020008a00        0x8 ./Middlewares/Third_Party/FreeRTOS/Source/portable/MemMang/heap_4.o
 .bss.pxEnd     0x0000000020008a08        0x4 ./Middlewares/Third_Party/FreeRTOS/Source/portable/MemMang/heap_4.o
 .bss.xFreeBytesRemaining
                0x0000000020008a0c        0x4 ./Middlewares/Third_Party/FreeRTOS/Source/portable/MemMang/heap_4.o
 .bss.xMinimumEverFreeBytesRemaining
                0x0000000020008a10        0x4 ./Middlewares/Third_Party/FreeRTOS/Source/portable/MemMang/heap_4.o
 .bss.xNumberOfSuccessfulAllocations
                0x0000000020008a14        0x4 ./Middlewares/Third_Party/FreeRTOS/Source/portable/MemMang/heap_4.o
 .bss.xNumberOfSuccessfulFrees
                0x0000000020008a18        0x4 ./Middlewares/Third_Party/FreeRTOS/Source/portable/MemMang/heap_4.o
 .bss.xBlockAllocatedBit
                0x0000000020008a1c        0x4 ./Middlewares/Third_Party/FreeRTOS/Source/portable/MemMang/heap_4.o
 .bss.__malloc_free_list
                0x0000000020008a20        0x4 c:/st/stm32cubeide_1.10.1/stm32cubeide/plugins/com.st.stm32cube.ide.mcu.externaltools.gnu-tools-for-stm32.10.3-2021.10.win32_1.0.0.202111181127/tools/bin/../lib/gcc/arm-none-eabi/10.3.1/../../../../arm-none-eabi/lib/thumb/v7e-m+fp/hard\libc_nano.a(lib_a-nano-mallocr.o)
                0x0000000020008a20                __malloc_free_list
 .bss.__malloc_sbrk_start
                0x0000000020008a24        0x4 c:/st/stm32cubeide_1.10.1/stm32cubeide/plugins/com.st.stm32cube.ide.mcu.externaltools.gnu-tools-for-stm32.10.3-2021.10.win32_1.0.0.202111181127/tools/bin/../lib/gcc/arm-none-eabi/10.3.1/../../../../arm-none-eabi/lib/thumb/v7e-m+fp/hard\libc_nano.a(lib_a-nano-mallocr.o)
                0x0000000020008a24                __malloc_sbrk_start
 .bss.errno     0x0000000020008a28        0x4 c:/st/stm32cubeide_1.10.1/stm32cubeide/plugins/com.st.stm32cube.ide.mcu.externaltools.gnu-tools-for-stm32.10.3-2021.10.win32_1.0.0.202111181127/tools/bin/../lib/gcc/arm-none-eabi/10.3.1/../../../../arm-none-eabi/lib/thumb/v7e-m+fp/hard\libc_nano.a(lib_a-reent.o)
                0x0000000020008a28                errno
 .bss.__lock___malloc_recursive_mutex
                0x0000000020008a2c        0x1 c:/st/stm32cubeide_1.10.1/stm32cubeide/plugins/com.st.stm32cube.ide.mcu.externaltools.gnu-tools-for-stm32.10.3-2021.10.win32_1.0.0.202111181127/tools/bin/../lib/gcc/arm-none-eabi/10.3.1/../../../../arm-none-eabi/lib/thumb/v7e-m+fp/hard\libc_nano.a(lib_a-lock.o)
                0x0000000020008a2c                __lock___malloc_recursive_mutex
 *(COMMON)
                0x0000000020008a30                . = ALIGN (0x4)
 *fill*         0x0000000020008a2d        0x3 
                0x0000000020008a30                _ebss = .
                0x0000000020008a30                __bss_end__ = _ebss

._user_heap_stack
                0x0000000020008a30      0x600
                0x0000000020008a30                . = ALIGN (0x8)
                [!provide]                        PROVIDE (end = .)
                0x0000000020008a30                PROVIDE (_end = .)
                0x0000000020008c30                . = (. + _Min_Heap_Size)
 *fill*         0x0000000020008a30      0x200 
                0x0000000020009030                . = (. + _Min_Stack_Size)
 *fill*         0x0000000020008c30      0x400 
                0x0000000020009030                . = ALIGN (0x8)

/DISCARD/
 libc.a(*)
 libm.a(*)
 libgcc.a(*)

.ARM.attributes
                0x0000000000000000       0x30
 *(.ARM.attributes)
 .ARM.attributes
                0x0000000000000000       0x1e c:/st/stm32cubeide_1.10.1/stm32cubeide/plugins/com.st.stm32cube.ide.mcu.externaltools.gnu-tools-for-stm32.10.3-2021.10.win32_1.0.0.202111181127/tools/bin/../lib/gcc/arm-none-eabi/10.3.1/thumb/v7e-m+fp/hard/crti.o
 .ARM.attributes
                0x000000000000001e       0x34 c:/st/stm32cubeide_1.10.1/stm32cubeide/plugins/com.st.stm32cube.ide.mcu.externaltools.gnu-tools-for-stm32.10.3-2021.10.win32_1.0.0.202111181127/tools/bin/../lib/gcc/arm-none-eabi/10.3.1/thumb/v7e-m+fp/hard/crtbegin.o
 .ARM.attributes
                0x0000000000000052       0x34 ./Core/Src/freertos.o
 .ARM.attributes
                0x0000000000000086       0x34 ./Core/Src/main.o
 .ARM.attributes
                0x00000000000000ba       0x34 ./Core/Src/stm32f4xx_hal_msp.o
 .ARM.attributes
                0x00000000000000ee       0x34 ./Core/Src/stm32f4xx_hal_timebase_tim.o
 .ARM.attributes
                0x0000000000000122       0x34 ./Core/Src/stm32f4xx_it.o
 .ARM.attributes
                0x0000000000000156       0x34 ./Core/Src/sysmem.o
 .ARM.attributes
                0x000000000000018a       0x34 ./Core/Src/system_stm32f4xx.o
 .ARM.attributes
                0x00000000000001be       0x21 ./Core/Startup/startup_stm32f429zitx.o
 .ARM.attributes
                0x00000000000001df       0x34 ./Drivers/BSP/Components/ili9341/ili9341.o
 .ARM.attributes
                0x0000000000000213       0x34 ./Drivers/BSP/STM32F429I-Discovery/stm32f429i_discovery.o
 .ARM.attributes
                0x0000000000000247       0x34 ./Drivers/BSP/STM32F429I-Discovery/stm32f429i_discovery_lcd.o
 .ARM.attributes
                0x000000000000027b       0x34 ./Drivers/BSP/STM32F429I-Discovery/stm32f429i_discovery_sdram.o
 .ARM.attributes
                0x00000000000002af       0x34 ./Drivers/STM32F4xx_HAL_Driver/Src/stm32f4xx_hal.o
 .ARM.attributes
                0x00000000000002e3       0x34 ./Drivers/STM32F4xx_HAL_Driver/Src/stm32f4xx_hal_adc.o
 .ARM.attributes
                0x0000000000000317       0x34 ./Drivers/STM32F4xx_HAL_Driver/Src/stm32f4xx_hal_cortex.o
 .ARM.attributes
                0x000000000000034b       0x34 ./Drivers/STM32F4xx_HAL_Driver/Src/stm32f4xx_hal_crc.o
 .ARM.attributes
                0x000000000000037f       0x34 ./Drivers/STM32F4xx_HAL_Driver/Src/stm32f4xx_hal_dma.o
 .ARM.attributes
                0x00000000000003b3       0x34 ./Drivers/STM32F4xx_HAL_Driver/Src/stm32f4xx_hal_dma2d.o
 .ARM.attributes
                0x00000000000003e7       0x34 ./Drivers/STM32F4xx_HAL_Driver/Src/stm32f4xx_hal_gpio.o
 .ARM.attributes
                0x000000000000041b       0x34 ./Drivers/STM32F4xx_HAL_Driver/Src/stm32f4xx_hal_i2c.o
 .ARM.attributes
                0x000000000000044f       0x34 ./Drivers/STM32F4xx_HAL_Driver/Src/stm32f4xx_hal_i2c_ex.o
 .ARM.attributes
                0x0000000000000483       0x34 ./Drivers/STM32F4xx_HAL_Driver/Src/stm32f4xx_hal_ltdc.o
 .ARM.attributes
                0x00000000000004b7       0x34 ./Drivers/STM32F4xx_HAL_Driver/Src/stm32f4xx_hal_rcc.o
 .ARM.attributes
                0x00000000000004eb       0x34 ./Drivers/STM32F4xx_HAL_Driver/Src/stm32f4xx_hal_rcc_ex.o
 .ARM.attributes
                0x000000000000051f       0x34 ./Drivers/STM32F4xx_HAL_Driver/Src/stm32f4xx_hal_sdram.o
 .ARM.attributes
                0x0000000000000553       0x34 ./Drivers/STM32F4xx_HAL_Driver/Src/stm32f4xx_hal_spi.o
 .ARM.attributes
                0x0000000000000587       0x34 ./Drivers/STM32F4xx_HAL_Driver/Src/stm32f4xx_hal_tim.o
 .ARM.attributes
                0x00000000000005bb       0x34 ./Drivers/STM32F4xx_HAL_Driver/Src/stm32f4xx_hal_tim_ex.o
 .ARM.attributes
                0x00000000000005ef       0x34 ./Drivers/STM32F4xx_HAL_Driver/Src/stm32f4xx_hal_uart.o
 .ARM.attributes
                0x0000000000000623       0x34 ./Drivers/STM32F4xx_HAL_Driver/Src/stm32f4xx_ll_fmc.o
 .ARM.attributes
                0x0000000000000657       0x34 ./Middlewares/Third_Party/FreeRTOS/Source/CMSIS_RTOS/cmsis_os.o
 .ARM.attributes
                0x000000000000068b       0x34 ./Middlewares/Third_Party/FreeRTOS/Source/list.o
 .ARM.attributes
                0x00000000000006bf       0x34 ./Middlewares/Third_Party/FreeRTOS/Source/tasks.o
 .ARM.attributes
                0x00000000000006f3       0x34 ./Middlewares/Third_Party/FreeRTOS/Source/portable/GCC/ARM_CM4F/port.o
 .ARM.attributes
                0x0000000000000727       0x34 ./Middlewares/Third_Party/FreeRTOS/Source/portable/MemMang/heap_4.o
 .ARM.attributes
                0x000000000000075b       0x34 c:/st/stm32cubeide_1.10.1/stm32cubeide/plugins/com.st.stm32cube.ide.mcu.externaltools.gnu-tools-for-stm32.10.3-2021.10.win32_1.0.0.202111181127/tools/bin/../lib/gcc/arm-none-eabi/10.3.1/../../../../arm-none-eabi/lib/thumb/v7e-m+fp/hard\libc_nano.a(lib_a-errno.o)
 .ARM.attributes
                0x000000000000078f       0x34 c:/st/stm32cubeide_1.10.1/stm32cubeide/plugins/com.st.stm32cube.ide.mcu.externaltools.gnu-tools-for-stm32.10.3-2021.10.win32_1.0.0.202111181127/tools/bin/../lib/gcc/arm-none-eabi/10.3.1/../../../../arm-none-eabi/lib/thumb/v7e-m+fp/hard\libc_nano.a(lib_a-impure.o)
 .ARM.attributes
                0x00000000000007c3       0x34 c:/st/stm32cubeide_1.10.1/stm32cubeide/plugins/com.st.stm32cube.ide.mcu.externaltools.gnu-tools-for-stm32.10.3-2021.10.win32_1.0.0.202111181127/tools/bin/../lib/gcc/arm-none-eabi/10.3.1/../../../../arm-none-eabi/lib/thumb/v7e-m+fp/hard\libc_nano.a(lib_a-init.o)
 .ARM.attributes
                0x00000000000007f7       0x34 c:/st/stm32cubeide_1.10.1/stm32cubeide/plugins/com.st.stm32cube.ide.mcu.externaltools.gnu-tools-for-stm32.10.3-2021.10.win32_1.0.0.202111181127/tools/bin/../lib/gcc/arm-none-eabi/10.3.1/../../../../arm-none-eabi/lib/thumb/v7e-m+fp/hard\libc_nano.a(lib_a-memcpy-stub.o)
 .ARM.attributes
                0x000000000000082b       0x34 c:/st/stm32cubeide_1.10.1/stm32cubeide/plugins/com.st.stm32cube.ide.mcu.externaltools.gnu-tools-for-stm32.10.3-2021.10.win32_1.0.0.202111181127/tools/bin/../lib/gcc/arm-none-eabi/10.3.1/../../../../arm-none-eabi/lib/thumb/v7e-m+fp/hard\libc_nano.a(lib_a-memset.o)
 .ARM.attributes
                0x000000000000085f       0x34 c:/st/stm32cubeide_1.10.1/stm32cubeide/plugins/com.st.stm32cube.ide.mcu.externaltools.gnu-tools-for-stm32.10.3-2021.10.win32_1.0.0.202111181127/tools/bin/../lib/gcc/arm-none-eabi/10.3.1/../../../../arm-none-eabi/lib/thumb/v7e-m+fp/hard\libc_nano.a(lib_a-snprintf.o)
 .ARM.attributes
                0x0000000000000893       0x34 c:/st/stm32cubeide_1.10.1/stm32cubeide/plugins/com.st.stm32cube.ide.mcu.externaltools.gnu-tools-for-stm32.10.3-2021.10.win32_1.0.0.202111181127/tools/bin/../lib/gcc/arm-none-eabi/10.3.1/../../../../arm-none-eabi/lib/thumb/v7e-m+fp/hard\libc_nano.a(lib_a-nano-svfprintf.o)
 .ARM.attributes
                0x00000000000008c7       0x34 c:/st/stm32cubeide_1.10.1/stm32cubeide/plugins/com.st.stm32cube.ide.mcu.externaltools.gnu-tools-for-stm32.10.3-2021.10.win32_1.0.0.202111181127/tools/bin/../lib/gcc/arm-none-eabi/10.3.1/../../../../arm-none-eabi/lib/thumb/v7e-m+fp/hard\libc_nano.a(lib_a-nano-vfprintf_i.o)
 .ARM.attributes
                0x00000000000008fb       0x1c c:/st/stm32cubeide_1.10.1/stm32cubeide/plugins/com.st.stm32cube.ide.mcu.externaltools.gnu-tools-for-stm32.10.3-2021.10.win32_1.0.0.202111181127/tools/bin/../lib/gcc/arm-none-eabi/10.3.1/../../../../arm-none-eabi/lib/thumb/v7e-m+fp/hard\libc_nano.a(lib_a-memchr.o)
 .ARM.attributes
                0x0000000000000917       0x34 c:/st/stm32cubeide_1.10.1/stm32cubeide/plugins/com.st.stm32cube.ide.mcu.externaltools.gnu-tools-for-stm32.10.3-2021.10.win32_1.0.0.202111181127/tools/bin/../lib/gcc/arm-none-eabi/10.3.1/../../../../arm-none-eabi/lib/thumb/v7e-m+fp/hard\libc_nano.a(lib_a-memmove.o)
 .ARM.attributes
                0x000000000000094b       0x34 c:/st/stm32cubeide_1.10.1/stm32cubeide/plugins/com.st.stm32cube.ide.mcu.externaltools.gnu-tools-for-stm32.10.3-2021.10.win32_1.0.0.202111181127/tools/bin/../lib/gcc/arm-none-eabi/10.3.1/../../../../arm-none-eabi/lib/thumb/v7e-m+fp/hard\libc_nano.a(lib_a-nano-freer.o)
 .ARM.attributes
                0x000000000000097f       0x34 c:/st/stm32cubeide_1.10.1/stm32cubeide/plugins/com.st.stm32cube.ide.mcu.externaltools.gnu-tools-for-stm32.10.3-2021.10.win32_1.0.0.202111181127/tools/bin/../lib/gcc/arm-none-eabi/10.3.1/../../../../arm-none-eabi/lib/thumb/v7e-m+fp/hard\libc_nano.a(lib_a-nano-mallocr.o)
 .ARM.attributes
                0x00000000000009b3       0x34 c:/st/stm32cubeide_1.10.1/stm32cubeide/plugins/com.st.stm32cube.ide.mcu.externaltools.gnu-tools-for-stm32.10.3-2021.10.win32_1.0.0.202111181127/tools/bin/../lib/gcc/arm-none-eabi/10.3.1/../../../../arm-none-eabi/lib/thumb/v7e-m+fp/hard\libc_nano.a(lib_a-nano-reallocr.o)
 .ARM.attributes
                0x00000000000009e7       0x34 c:/st/stm32cubeide_1.10.1/stm32cubeide/plugins/com.st.stm32cube.ide.mcu.externaltools.gnu-tools-for-stm32.10.3-2021.10.win32_1.0.0.202111181127/tools/bin/../lib/gcc/arm-none-eabi/10.3.1/../../../../arm-none-eabi/lib/thumb/v7e-m+fp/hard\libc_nano.a(lib_a-sbrkr.o)
 .ARM.attributes
                0x0000000000000a1b       0x34 c:/st/stm32cubeide_1.10.1/stm32cubeide/plugins/com.st.stm32cube.ide.mcu.externaltools.gnu-tools-for-stm32.10.3-2021.10.win32_1.0.0.202111181127/tools/bin/../lib/gcc/arm-none-eabi/10.3.1/../../../../arm-none-eabi/lib/thumb/v7e-m+fp/hard\libc_nano.a(lib_a-mlock.o)
 .ARM.attributes
                0x0000000000000a4f       0x34 c:/st/stm32cubeide_1.10.1/stm32cubeide/plugins/com.st.stm32cube.ide.mcu.externaltools.gnu-tools-for-stm32.10.3-2021.10.win32_1.0.0.202111181127/tools/bin/../lib/gcc/arm-none-eabi/10.3.1/../../../../arm-none-eabi/lib/thumb/v7e-m+fp/hard\libc_nano.a(lib_a-nano-msizer.o)
 .ARM.attributes