../Core/Src/main.c:90:5:main	48	static
../Core/Src/main.c:170:6:SystemClock_Config	88	static
../Core/Src/main.c:216:13:MX_CRC_Init	8	static
../Core/Src/main.c:242:13:MX_DMA2D_Init	8	static
../Core/Src/main.c:279:13:MX_I2C3_Init	8	static
../Core/Src/main.c:327:13:MX_LTDC_Init	64	static
../Core/Src/main.c:389:13:MX_SPI5_Init	8	static
../Core/Src/main.c:427:13:MX_TIM1_Init	32	static
../Core/Src/main.c:473:13:MX_USART1_UART_Init	8	static
../Core/Src/main.c:502:13:MX_FMC_Init	40	static
../Core/Src/main.c:553:13:MX_GPIO_Init	64	static
../Core/Src/main.c:658:6:DisplayTask	16	static
../Core/Src/main.c:677:6:HAL_TIM_PeriodElapsedCallback	16	static
../Core/Src/main.c:694:6:Error_Handler	4	static,ignoring_inline_asm
