../Core/Src/main.c:92:5:main	8	static
../Core/Src/main.c:146:6:SystemClock_Config	88	static
../Core/Src/main.c:199:13:MX_ADC1_Init	24	static
../Core/Src/main.c:251:13:MX_CRC_Init	8	static
../Core/Src/main.c:277:13:MX_DMA2D_Init	8	static
../Core/Src/main.c:314:13:MX_I2C3_Init	8	static
../Core/Src/main.c:362:13:MX_LTDC_Init	64	static
../Core/Src/main.c:424:13:MX_SPI5_Init	8	static
../Core/Src/main.c:462:13:MX_TIM1_Init	32	static
../Core/Src/main.c:508:13:MX_TIM2_Init	32	static
../Core/Src/main.c:553:13:MX_USART1_UART_Init	8	static
../Core/Src/main.c:582:13:MX_FMC_Init	40	static
../Core/Src/main.c:633:13:MX_GPIO_Init	64	static
../Core/Src/main.c:738:13:vBoardInit	8	static
../Core/Src/main.c:777:6:HAL_TIM_PeriodElapsedCallback	16	static
../Core/Src/main.c:794:6:Error_Handler	4	static,ignoring_inline_asm
