../Core/Src/stm32f4xx_hal_msp.c:63:6:HAL_MspInit	16	static
../Core/Src/stm32f4xx_hal_msp.c:85:6:HAL_ADC_MspInit	48	static
../Core/Src/stm32f4xx_hal_msp.c:118:6:HAL_ADC_MspDeInit	16	static
../Core/Src/stm32f4xx_hal_msp.c:146:6:HAL_CRC_MspInit	24	static
../Core/Src/stm32f4xx_hal_msp.c:168:6:HAL_CRC_MspDeInit	16	static
../Core/Src/stm32f4xx_hal_msp.c:190:6:HAL_DMA2D_MspInit	24	static
../Core/Src/stm32f4xx_hal_msp.c:215:6:HAL_DMA2D_MspDeInit	16	static
../Core/Src/stm32f4xx_hal_msp.c:240:6:HAL_I2C_MspInit	48	static
../Core/Src/stm32f4xx_hal_msp.c:284:6:HAL_I2C_MspDeInit	16	static
../Core/Src/stm32f4xx_hal_msp.c:315:6:HAL_LTDC_MspInit	112	static
../Core/Src/stm32f4xx_hal_msp.c:442:6:HAL_LTDC_MspDeInit	16	static
../Core/Src/stm32f4xx_hal_msp.c:506:6:HAL_SPI_MspInit	48	static
../Core/Src/stm32f4xx_hal_msp.c:543:6:HAL_SPI_MspDeInit	16	static
../Core/Src/stm32f4xx_hal_msp.c:573:6:HAL_TIM_Base_MspInit	24	static
../Core/Src/stm32f4xx_hal_msp.c:609:6:HAL_TIM_Base_MspDeInit	16	static
../Core/Src/stm32f4xx_hal_msp.c:645:6:HAL_UART_MspInit	48	static
../Core/Src/stm32f4xx_hal_msp.c:681:6:HAL_UART_MspDeInit	16	static
../Core/Src/stm32f4xx_hal_msp.c:706:13:HAL_FMC_MspInit	32	static
../Core/Src/stm32f4xx_hal_msp.c:812:6:HAL_SDRAM_MspInit	16	static
../Core/Src/stm32f4xx_hal_msp.c:824:13:HAL_FMC_MspDeInit	8	static
../Core/Src/stm32f4xx_hal_msp.c:898:6:HAL_SDRAM_MspDeInit	16	static
