../Core/Src/stm32f4xx_hal_msp.c:63:6:HAL_MspInit	16	static
../Core/Src/stm32f4xx_hal_msp.c:87:6:HAL_ADC_MspInit	48	static
../Core/Src/stm32f4xx_hal_msp.c:120:6:HAL_ADC_MspDeInit	16	static
../Core/Src/stm32f4xx_hal_msp.c:148:6:HAL_CRC_MspInit	24	static
../Core/Src/stm32f4xx_hal_msp.c:170:6:HAL_CRC_MspDeInit	16	static
../Core/Src/stm32f4xx_hal_msp.c:192:6:HAL_DMA2D_MspInit	24	static
../Core/Src/stm32f4xx_hal_msp.c:217:6:HAL_DMA2D_MspDeInit	16	static
../Core/Src/stm32f4xx_hal_msp.c:242:6:HAL_I2C_MspInit	48	static
../Core/Src/stm32f4xx_hal_msp.c:286:6:HAL_I2C_MspDeInit	16	static
../Core/Src/stm32f4xx_hal_msp.c:317:6:HAL_LTDC_MspInit	112	static
../Core/Src/stm32f4xx_hal_msp.c:444:6:HAL_LTDC_MspDeInit	16	static
../Core/Src/stm32f4xx_hal_msp.c:508:6:HAL_SPI_MspInit	48	static
../Core/Src/stm32f4xx_hal_msp.c:545:6:HAL_SPI_MspDeInit	16	static
../Core/Src/stm32f4xx_hal_msp.c:575:6:HAL_TIM_Base_MspInit	24	static
../Core/Src/stm32f4xx_hal_msp.c:611:6:HAL_TIM_Base_MspDeInit	16	static
../Core/Src/stm32f4xx_hal_msp.c:647:6:HAL_UART_MspInit	48	static
../Core/Src/stm32f4xx_hal_msp.c:683:6:HAL_UART_MspDeInit	16	static
../Core/Src/stm32f4xx_hal_msp.c:708:13:HAL_FMC_MspInit	32	static
../Core/Src/stm32f4xx_hal_msp.c:814:6:HAL_SDRAM_MspInit	16	static
../Core/Src/stm32f4xx_hal_msp.c:826:13:HAL_FMC_MspDeInit	8	static
../Core/Src/stm32f4xx_hal_msp.c:900:6:HAL_SDRAM_MspDeInit	16	static
