../Core/Src/stm32f4xx_it.c:80:6:NMI_Handler	4	static
../Core/Src/stm32f4xx_it.c:95:6:HardFault_Handler	4	static
../Core/Src/stm32f4xx_it.c:110:6:MemManage_Handler	4	static
../Core/Src/stm32f4xx_it.c:125:6:BusFault_Handler	4	static
../Core/Src/stm32f4xx_it.c:140:6:UsageFault_Handler	4	static
../Core/Src/stm32f4xx_it.c:155:6:SVC_Handler	4	static
../Core/Src/stm32f4xx_it.c:168:6:DebugMon_Handler	4	static
../Core/Src/stm32f4xx_it.c:181:6:PendSV_Handler	4	static
../Core/Src/stm32f4xx_it.c:194:6:SysTick_Handler	4	static
../Core/Src/stm32f4xx_it.c:216:6:TIM2_IRQHandler	120	static
../Core/Src/stm32f4xx_it.c:244:6:TIM6_DAC_IRQHandler	8	static
../Core/Src/stm32f4xx_it.c:258:6:LTDC_IRQHandler	8	static
../Core/Src/stm32f4xx_it.c:272:6:DMA2D_IRQHandler	8	static
